******************************************************************************
            TI ARM Clang Linker PC v4.0.4                      
******************************************************************************
>> Linked Sat May 30 10:05:29 2026

OUTPUT FILE NAME:   <Car.out>
ENTRY POINT SYMBOL: "_c_int00_noargs"  address: 00003ddd


MEMORY CONFIGURATION

         name            origin    length      used     unused   attr    fill
----------------------  --------  ---------  --------  --------  ----  --------
  FLASH                 00000000   00020000  00004040  0001bfc0  R  X
  SRAM                  20200000   00008000  00000352  00007cae  RW X
  BCR_CONFIG            41c00000   000000ff  00000000  000000ff  R   
  BSL_CONFIG            41c00100   00000080  00000000  00000080  R   


SEGMENT ALLOCATION MAP

run origin  load origin   length   init length attrs members
----------  ----------- ---------- ----------- ----- -------
00000000    00000000    00004040   00004040    r-x
  00000000    00000000    000000c0   000000c0    r-- .intvecs
  000000c0    000000c0    00003f30   00003f30    r-x .text
  00003ff0    00003ff0    00000018   00000018    r-- .rodata
  00004008    00004008    00000038   00000038    r-- .cinit
20200000    20200000    00000153   00000000    rw-
  20200000    20200000    000000c7   00000000    rw- .bss
  202000c8    202000c8    0000008b   00000000    rw- .data
20207e00    20207e00    00000200   00000000    rw-
  20207e00    20207e00    00000200   00000000    rw- .stack


SECTION ALLOCATION MAP

 output                                  attributes/
section   page    origin      length       input sections
--------  ----  ----------  ----------   ----------------
.intvecs   0    00000000    000000c0     
                  00000000    000000c0     startup_mspm0g350x_ticlang.o (.intvecs)

.text      0    000000c0    00003f30     
                  000000c0    00001f10     empty.o (.text.main)
                  00001fd0    00000294     empty.o (.text.Q4_Straight_Run_To_Absolute_Target)
                  00002264    00000208     empty.o (.text.Q3_Align_To_Target_Custom)
                  0000246c    000001f4     empty.o (.text.Q4_Align_To_Absolute_Target)
                  00002660    00000168     empty.o (.text.Q4_Capture_Line_To_Center)
                  000027c8    00000164     empty.o (.text.Q4_Straight_Run_Scan_Stable)
                  0000292c    0000015c     empty.o (.text.Q2_Straight_Run_No_Line)
                  00002a88    0000015c     empty.o (.text.Q3_Straight_Run_No_Line)
                  00002be4    00000154     empty.o (.text.Q1_Arrive_Alert)
                  00002d38    00000140     empty.o (.text.Q2_Line_Follow_RightArc)
                  00002e78    00000114     empty.o (.text.Q4_Line_Follow_Arc)
                  00002f8c    0000010c     empty.o (.text.Q3_Line_Follow_Arc)
                  00003098    00000104     driverlib.a : dl_timer.o (.text.DL_Timer_initFourCCPWMMode)
                  0000319c    000000f8     ti_msp_dl_config.o (.text.SYSCFG_DL_GPIO_init)
                  00003294    000000d8     libclang_rt.builtins.a : addsf3.S.obj (.text)
                  0000336c    000000cc     JY901S.o (.text.JY901S_Update)
                  00003438    0000009a     libc.a : memcpy16.S.obj (.text:memcpy)
                  000034d2    00000002     startup_mspm0g350x_ticlang.o (.text.Default_Handler)
                  000034d4    00000090     ti_msp_dl_config.o (.text.SYSCFG_DL_PWM_0_init)
                  00003564    0000008c     libclang_rt.builtins.a : mulsf3.S.obj (.text.__mulsf3)
                  000035f0    00000088     empty.o (.text.Q3_Arc_End_By_LineLost_OK)
                  00003678    00000088     empty.o (.text.Q3_Diagonal_To_Arc_End_OK)
                  00003700    00000088     empty.o (.text.Q4_Arc_End_By_LineLost_OK)
                  00003788    00000084     empty.o (.text.Q2_Arc_End_By_LineLost_OK)
                  0000380c    0000007c     empty.o (.text.Alert_Once)
                  00003888    0000007c     libc.a : copy_decompress_lzss.c.obj (.text:decompress:lzss)
                  00003904    00000068     Encoder.o (.text.GROUP1_IRQHandler)
                  0000396c    00000062     libclang_rt.builtins.a : aeabi_fcmp.S.obj (.text.__aeabi_fcmp)
                  000039ce    00000002     Sensor.o (.text.Gray_Init)
                  000039d0    00000060     ti_msp_dl_config.o (.text.SYSCFG_DL_UART_2_init)
                  00003a30    00000056     libclang_rt.builtins.a : aeabi_idivmod.S.obj (.text.__aeabi_idivmod)
                  00003a86    00000002     Key.o (.text.Key_Init)
                  00003a88    00000054     Sensor.o (.text.Gray_Read_All)
                  00003adc    00000054     PWM.o (.text.Motor_SetSpeed)
                  00003b30    00000048     driverlib.a : dl_uart.o (.text.DL_UART_init)
                  00003b78    00000048     PWM.o (.text.Motor_Init)
                  00003bc0    00000040     ti_msp_dl_config.o (.text.SYSCFG_DL_SYSCTL_init)
                  00003c00    00000040     ti_msp_dl_config.o (.text.SYSCFG_DL_initPower)
                  00003c40    0000003c     libclang_rt.builtins.a : floatsisf.S.obj (.text.__floatsisf)
                  00003c7c    0000003c                            : comparesf2.S.obj (.text.__gtsf2)
                  00003cb8    0000003c     libc.a : autoinit.c.obj (.text:__TI_auto_init_nobinit_nopinit)
                  00003cf4    0000003a     libclang_rt.builtins.a : comparesf2.S.obj (.text.__eqsf2)
                  00003d2e    00000002                            : aeabi_div0.c.obj (.text.__aeabi_idiv0)
                  00003d30    0000003a                            : muldsi3.S.obj (.text.__muldsi3)
                  00003d6a    00000002     --HOLE-- [fill = 0]
                  00003d6c    00000038     PWM.o (.text.Motor_Stop)
                  00003da4    00000038     libclang_rt.builtins.a : fixsfsi.S.obj (.text.__fixsfsi)
                  00003ddc    00000028     libc.a : boot_cortex_m.c.obj (.text:_c_int00_noargs)
                  00003e04    00000024     ti_msp_dl_config.o (.text.SYSCFG_DL_init)
                  00003e28    0000001c     driverlib.a : dl_timer.o (.text.DL_Timer_setCaptCompUpdateMethod)
                  00003e44    0000001c                 : dl_timer.o (.text.DL_Timer_setClockConfig)
                  00003e60    0000001c     JY901S.o (.text.JY901S_Init)
                  00003e7c    00000018     driverlib.a : dl_timer.o (.text.DL_Timer_setCaptureCompareOutCtl)
                  00003e94    00000016     libc.a : copy_zero_init.c.obj (.text:decompress:ZI:__TI_zero_init_nomemset)
                  00003eaa    00000002     --HOLE-- [fill = 0]
                  00003eac    00000014     Encoder.o (.text.Encoder_Clear)
                  00003ec0    00000014     Key.o (.text.Key1_Read)
                  00003ed4    00000012     driverlib.a : dl_uart.o (.text.DL_UART_setClockConfig)
                  00003ee6    00000012     libc.a : copy_decompress_none.c.obj (.text:decompress:none)
                  00003ef8    00000010     Buzzer.o (.text.Buzzer_Init)
                  00003f08    00000010     Buzzer.o (.text.Buzzer_Off)
                  00003f18    00000010     Buzzer.o (.text.Buzzer_On)
                  00003f28    00000010     driverlib.a : dl_timer.o (.text.DL_Timer_setCaptureCompareValue)
                  00003f38    00000010     Key.o (.text.Key3_Read)
                  00003f48    00000010     LED.o (.text.LED_Init)
                  00003f58    00000010     LED.o (.text.LED_Off)
                  00003f68    00000010     LED.o (.text.LED_On)
                  00003f78    00000010     empty.o (.text.SysTick_Handler)
                  00003f88    0000000c     Encoder.o (.text.Encoder_GetLeft)
                  00003f94    0000000c     Encoder.o (.text.Encoder_GetRight)
                  00003fa0    0000000c     Encoder.o (.text.Encoder_Init)
                  00003fac    0000000c     JY901S.o (.text.JY901S_GetYaw)
                  00003fb8    0000000c     JY901S.o (.text.JY901S_HasYaw)
                  00003fc4    0000000a     driverlib.a : dl_common.o (.text.DL_Common_delayCycles)
                  00003fce    00000002     --HOLE-- [fill = 0]
                  00003fd0    00000008     libclang_rt.builtins.a : aeabi_memcpy.S.obj (.text.__aeabi_memcpy)
                  00003fd8    00000006     libc.a : exit.c.obj (.text:abort)
                  00003fde    00000004     libsysbm.a : hostexit.c.obj (.text.HOSTexit)
                  00003fe2    00000004     startup_mspm0g350x_ticlang.o (.text.Reset_Handler)
                  00003fe6    00000004     libc.a : pre_init.c.obj (.text._system_pre_init)
                  00003fea    00000006     --HOLE-- [fill = 0]

.cinit     0    00004008    00000038     
                  00004008    00000010     (.cinit..data.load) [load image, compression = lzss]
                  00004018    0000000c     (__TI_handler_table)
                  00004024    00000008     (.cinit..bss.load) [load image, compression = zero_init]
                  0000402c    00000010     (__TI_cinit_table)
                  0000403c    00000004     --HOLE-- [fill = 0]

.rodata    0    00003ff0    00000018     
                  00003ff0    0000000a     ti_msp_dl_config.o (.rodata.gUART_2Config)
                  00003ffa    00000002     ti_msp_dl_config.o (.rodata.gUART_2ClockConfig)
                  00003ffc    00000008     ti_msp_dl_config.o (.rodata.gPWM_0Config)
                  00004004    00000003     ti_msp_dl_config.o (.rodata.gPWM_0ClockConfig)
                  00004007    00000001     --HOLE-- [fill = 0]

.init_array 
*          0    00000000    00000000     UNINITIALIZED

.binit     0    00000000    00000000     

.bss       0    20200000    000000c7     UNINITIALIZED
                  20200000    000000bc     (.common:gPWM_0Backup)
                  202000bc    0000000b     JY901S.o (.bss.Parse_Byte.frame)

.data      0    202000c8    0000008b     UNINITIALIZED
                  202000c8    00000004     empty.o (.data.debug_align_error)
                  202000cc    00000004     empty.o (.data.debug_avg_encoder)
                  202000d0    00000004     empty.o (.data.debug_left_encoder)
                  202000d4    00000004     empty.o (.data.debug_relative_yaw)
                  202000d8    00000004     empty.o (.data.debug_right_encoder)
                  202000dc    00000004     empty.o (.data.debug_yaw)
                  202000e0    00000004     empty.o (.data.g_ms)
                  202000e4    00000004     JY901S.o (.data.g_yaw_deg)
                  202000e8    00000004     JY901S.o (.data.g_yaw_zero_deg)
                  202000ec    00000004     Encoder.o (.data.left_encoder_count)
                  202000f0    00000004     empty.o (.data.q2_arc_correction_last)
                  202000f4    00000004     empty.o (.data.q2_c_align_target)
                  202000f8    00000004     empty.o (.data.q2_start_abs_yaw)
                  202000fc    00000004     empty.o (.data.q2_start_time)
                  20200100    00000004     empty.o (.data.q2_state_time)
                  20200104    00000004     empty.o (.data.q2_yaw_start)
                  20200108    00000004     empty.o (.data.q3_align_target)
                  2020010c    00000004     empty.o (.data.q3_c_align_target_abs)
                  20200110    00000004     empty.o (.data.q3_c_entry_abs_yaw)
                  20200114    00000004     empty.o (.data.q3_start_time)
                  20200118    00000004     empty.o (.data.q3_state_time)
                  2020011c    00000004     empty.o (.data.q3_yaw_start)
                  20200120    00000004     empty.o (.data.q4_arc_correction_last)
                  20200124    00000004     empty.o (.data.q4_fixed_start_yaw)
                  20200128    00000004     empty.o (.data.q4_start_time)
                  2020012c    00000004     empty.o (.data.q4_state_time)
                  20200130    00000004     empty.o (.data.q4_yaw_start)
                  20200134    00000004     Encoder.o (.data.right_encoder_count)
                  20200138    00000002     empty.o (.data.debug_left_speed)
                  2020013a    00000002     empty.o (.data.debug_right_speed)
                  2020013c    00000001     JY901S.o (.data.Parse_Byte.index)
                  2020013d    00000001     empty.o (.data.debug_gray)
                  2020013e    00000001     empty.o (.data.debug_lap_count)
                  2020013f    00000001     empty.o (.data.debug_line_d_error)
                  20200140    00000001     empty.o (.data.debug_line_error)
                  20200141    00000001     empty.o (.data.debug_line_hit_count)
                  20200142    00000001     empty.o (.data.debug_state)
                  20200143    00000001     JY901S.o (.data.g_has_yaw)
                  20200144    00000001     empty.o (.data.q1_arrive_confirm)
                  20200145    00000001     empty.o (.data.q2_d_entry_line_error)
                  20200146    00000001     empty.o (.data.q2_last_line_error)
                  20200147    00000001     empty.o (.data.q2_line_lost_count)
                  20200148    00000001     empty.o (.data.q2_line_on_count)
                  20200149    00000001     empty.o (.data.q2_state)
                  2020014a    00000001     empty.o (.data.q3_line_lost_count)
                  2020014b    00000001     empty.o (.data.q3_line_on_count)
                  2020014c    00000001     empty.o (.data.q3_state)
                  2020014d    00000001     empty.o (.data.q4_capture_center_count)
                  2020014e    00000001     empty.o (.data.q4_lap_count)
                  2020014f    00000001     empty.o (.data.q4_last_line_error)
                  20200150    00000001     empty.o (.data.q4_line_lost_count)
                  20200151    00000001     empty.o (.data.q4_line_on_count)
                  20200152    00000001     empty.o (.data.q4_state)

.stack     0    20207e00    00000200     UNINITIALIZED
                  20207e00    00000004     libc.a : boot_cortex_m.c.obj (.stack)
                  20207e04    000001fc     --HOLE--

__llvm_prf_cnts 
*          0    20200000    00000000     UNINITIALIZED

__llvm_prf_bits 
*          0    20200000    00000000     UNINITIALIZED

MODULE SUMMARY

       Module                         code    ro data   rw data
       ------                         ----    -------   -------
    .\
       empty.o                        12928   0         121    
       ti_msp_dl_config.o             652     23        188    
       JY901S.o                       256     0         21     
       PWM.o                          212     0         0      
       startup_mspm0g350x_ticlang.o   6       192       0      
       Encoder.o                      160     0         8      
       Sensor.o                       86      0         0      
       Buzzer.o                       48      0         0      
       LED.o                          48      0         0      
       Key.o                          38      0         0      
    +--+------------------------------+-------+---------+---------+
       Total:                         14434   215       338    
                                                               
    D:/TI/mspm0_sdk_2_10_00_04/source/ti/driverlib/lib/ticlang/m0p/mspm0g1x0x_g3x0x/driverlib.a
       dl_timer.o                     356     0         0      
       dl_uart.o                      90      0         0      
       dl_common.o                    10      0         0      
    +--+------------------------------+-------+---------+---------+
       Total:                         456     0         0      
                                                               
    D:\TI\ccs\tools\compiler\ti-cgt-armllvm_4.0.4.LTS\lib\armv6m-ti-none-eabi/c/libc.a
       memcpy16.S.obj                 154     0         0      
       copy_decompress_lzss.c.obj     124     0         0      
       autoinit.c.obj                 60      0         0      
       boot_cortex_m.c.obj            40      0         0      
       copy_zero_init.c.obj           22      0         0      
       copy_decompress_none.c.obj     18      0         0      
       exit.c.obj                     6       0         0      
       pre_init.c.obj                 4       0         0      
    +--+------------------------------+-------+---------+---------+
       Total:                         428     0         0      
                                                               
    D:\TI\ccs\tools\compiler\ti-cgt-armllvm_4.0.4.LTS\lib\armv6m-ti-none-eabi/c/libsysbm.a
       hostexit.c.obj                 4       0         0      
    +--+------------------------------+-------+---------+---------+
       Total:                         4       0         0      
                                                               
    D:\TI\ccs\tools\compiler\ti-cgt-armllvm_4.0.4.LTS\lib\armv6m-ti-none-eabi/libclang_rt.builtins.a
       addsf3.S.obj                   216     0         0      
       mulsf3.S.obj                   140     0         0      
       comparesf2.S.obj               118     0         0      
       aeabi_fcmp.S.obj               98      0         0      
       aeabi_idivmod.S.obj            86      0         0      
       floatsisf.S.obj                60      0         0      
       muldsi3.S.obj                  58      0         0      
       fixsfsi.S.obj                  56      0         0      
       aeabi_memcpy.S.obj             8       0         0      
       aeabi_div0.c.obj               2       0         0      
    +--+------------------------------+-------+---------+---------+
       Total:                         842     0         0      
                                                               
       Stack:                         0       0         512    
       Linker Generated:              0       52        0      
    +--+------------------------------+-------+---------+---------+
       Grand Total:                   16164   267       850    


LINKER GENERATED COPY TABLES

__TI_cinit_table @ 0000402c records: 2, size/record: 8, table size: 16
	.data: load addr=00004008, load size=00000010 bytes, run addr=202000c8, run size=0000008b bytes, compression=lzss
	.bss: load addr=00004024, load size=00000008 bytes, run addr=20200000, run size=000000c7 bytes, compression=zero_init


LINKER GENERATED HANDLER TABLE

__TI_handler_table @ 00004018 records: 3, size/record: 4, table size: 12
	index: 0, handler: __TI_decompress_lzss
	index: 1, handler: __TI_decompress_none
	index: 2, handler: __TI_zero_init


GLOBAL SYMBOLS: SORTED ALPHABETICALLY BY Name 

address   name                            
-------   ----                            
000034d3  ADC0_IRQHandler                 
000034d3  ADC1_IRQHandler                 
000034d3  AES_IRQHandler                  
00003ef9  Buzzer_Init                     
00003f09  Buzzer_Off                      
00003f19  Buzzer_On                       
00003fde  C$$EXIT                         
000034d3  CANFD0_IRQHandler               
000034d3  DAC0_IRQHandler                 
00003fc5  DL_Common_delayCycles           
00003099  DL_Timer_initFourCCPWMMode      
00003e29  DL_Timer_setCaptCompUpdateMethod
00003e7d  DL_Timer_setCaptureCompareOutCtl
00003f29  DL_Timer_setCaptureCompareValue 
00003e45  DL_Timer_setClockConfig         
00003b31  DL_UART_init                    
00003ed5  DL_UART_setClockConfig          
000034d3  DMA_IRQHandler                  
000034d3  Default_Handler                 
00003ead  Encoder_Clear                   
00003f89  Encoder_GetLeft                 
00003f95  Encoder_GetRight                
00003fa1  Encoder_Init                    
000034d3  GROUP0_IRQHandler               
00003905  GROUP1_IRQHandler               
000039cf  Gray_Init                       
00003a89  Gray_Read_All                   
00003fdf  HOSTexit                        
000034d3  HardFault_Handler               
000034d3  I2C0_IRQHandler                 
000034d3  I2C1_IRQHandler                 
00003fad  JY901S_GetYaw                   
00003fb9  JY901S_HasYaw                   
00003e61  JY901S_Init                     
0000336d  JY901S_Update                   
00003ec1  Key1_Read                       
00003f39  Key3_Read                       
00003a87  Key_Init                        
00003f49  LED_Init                        
00003f59  LED_Off                         
00003f69  LED_On                          
00003b79  Motor_Init                      
00003add  Motor_SetSpeed                  
00003d6d  Motor_Stop                      
000034d3  NMI_Handler                     
000034d3  PendSV_Handler                  
000034d3  RTC_IRQHandler                  
00003fe3  Reset_Handler                   
000034d3  SPI0_IRQHandler                 
000034d3  SPI1_IRQHandler                 
000034d3  SVC_Handler                     
0000319d  SYSCFG_DL_GPIO_init             
000034d5  SYSCFG_DL_PWM_0_init            
00003bc1  SYSCFG_DL_SYSCTL_init           
000039d1  SYSCFG_DL_UART_2_init           
00003e05  SYSCFG_DL_init                  
00003c01  SYSCFG_DL_initPower             
00003f79  SysTick_Handler                 
000034d3  TIMA0_IRQHandler                
000034d3  TIMA1_IRQHandler                
000034d3  TIMG0_IRQHandler                
000034d3  TIMG12_IRQHandler               
000034d3  TIMG6_IRQHandler                
000034d3  TIMG7_IRQHandler                
000034d3  TIMG8_IRQHandler                
000034d3  UART0_IRQHandler                
000034d3  UART1_IRQHandler                
000034d3  UART2_IRQHandler                
000034d3  UART3_IRQHandler                
20208000  __STACK_END                     
00000200  __STACK_SIZE                    
00000000  __TI_ATRegion0_region_sz        
00000000  __TI_ATRegion0_src_addr         
00000000  __TI_ATRegion0_trg_addr         
00000000  __TI_ATRegion1_region_sz        
00000000  __TI_ATRegion1_src_addr         
00000000  __TI_ATRegion1_trg_addr         
00000000  __TI_ATRegion2_region_sz        
00000000  __TI_ATRegion2_src_addr         
00000000  __TI_ATRegion2_trg_addr         
0000402c  __TI_CINIT_Base                 
0000403c  __TI_CINIT_Limit                
0000403c  __TI_CINIT_Warm                 
00004018  __TI_Handler_Table_Base         
00004024  __TI_Handler_Table_Limit        
00003cb9  __TI_auto_init_nobinit_nopinit  
00003889  __TI_decompress_lzss            
00003ee7  __TI_decompress_none            
ffffffff  __TI_pprof_out_hndl             
ffffffff  __TI_prof_data_size             
ffffffff  __TI_prof_data_start            
00000000  __TI_static_base__              
00003e95  __TI_zero_init_nomemset         
0000329f  __addsf3                        
00003da5  __aeabi_f2iz                    
0000329f  __aeabi_fadd                    
0000396d  __aeabi_fcmpeq                  
000039a9  __aeabi_fcmpge                  
000039bd  __aeabi_fcmpgt                  
00003995  __aeabi_fcmple                  
00003981  __aeabi_fcmplt                  
00003565  __aeabi_fmul                    
00003295  __aeabi_fsub                    
00003c41  __aeabi_i2f                     
00003a31  __aeabi_idiv                    
00003d2f  __aeabi_idiv0                   
00003a31  __aeabi_idivmod                 
00003fd1  __aeabi_memcpy                  
00003fd1  __aeabi_memcpy4                 
00003fd1  __aeabi_memcpy8                 
ffffffff  __binit__                       
00003cf5  __cmpsf2                        
00003cf5  __eqsf2                         
00003da5  __fixsfsi                       
00003c41  __floatsisf                     
00003c7d  __gesf2                         
00003c7d  __gtsf2                         
00003cf5  __lesf2                         
00003cf5  __ltsf2                         
UNDEFED   __mpu_init                      
00003d31  __muldsi3                       
00003565  __mulsf3                        
00003cf5  __nesf2                         
20207e00  __stack                         
20200000  __start___llvm_prf_bits         
20200000  __start___llvm_prf_cnts         
20200000  __stop___llvm_prf_bits          
20200000  __stop___llvm_prf_cnts          
00003295  __subsf3                        
00003ddd  _c_int00_noargs                 
UNDEFED   _system_post_cinit              
00003fe7  _system_pre_init                
00003fd9  abort                           
ffffffff  binit                           
202000c8  debug_align_error               
202000cc  debug_avg_encoder               
2020013d  debug_gray                      
2020013e  debug_lap_count                 
202000d0  debug_left_encoder              
20200138  debug_left_speed                
2020013f  debug_line_d_error              
20200140  debug_line_error                
20200141  debug_line_hit_count            
202000d4  debug_relative_yaw              
202000d8  debug_right_encoder             
2020013a  debug_right_speed               
20200142  debug_state                     
202000dc  debug_yaw                       
20200000  gPWM_0Backup                    
00000000  interruptVectors                
202000ec  left_encoder_count              
000000c1  main                            
00003439  memcpy                          
20200134  right_encoder_count             


GLOBAL SYMBOLS: SORTED BY Symbol Address 

address   name                            
-------   ----                            
00000000  __TI_ATRegion0_region_sz        
00000000  __TI_ATRegion0_src_addr         
00000000  __TI_ATRegion0_trg_addr         
00000000  __TI_ATRegion1_region_sz        
00000000  __TI_ATRegion1_src_addr         
00000000  __TI_ATRegion1_trg_addr         
00000000  __TI_ATRegion2_region_sz        
00000000  __TI_ATRegion2_src_addr         
00000000  __TI_ATRegion2_trg_addr         
00000000  __TI_static_base__              
00000000  interruptVectors                
000000c1  main                            
00000200  __STACK_SIZE                    
00003099  DL_Timer_initFourCCPWMMode      
0000319d  SYSCFG_DL_GPIO_init             
00003295  __aeabi_fsub                    
00003295  __subsf3                        
0000329f  __addsf3                        
0000329f  __aeabi_fadd                    
0000336d  JY901S_Update                   
00003439  memcpy                          
000034d3  ADC0_IRQHandler                 
000034d3  ADC1_IRQHandler                 
000034d3  AES_IRQHandler                  
000034d3  CANFD0_IRQHandler               
000034d3  DAC0_IRQHandler                 
000034d3  DMA_IRQHandler                  
000034d3  Default_Handler                 
000034d3  GROUP0_IRQHandler               
000034d3  HardFault_Handler               
000034d3  I2C0_IRQHandler                 
000034d3  I2C1_IRQHandler                 
000034d3  NMI_Handler                     
000034d3  PendSV_Handler                  
000034d3  RTC_IRQHandler                  
000034d3  SPI0_IRQHandler                 
000034d3  SPI1_IRQHandler                 
000034d3  SVC_Handler                     
000034d3  TIMA0_IRQHandler                
000034d3  TIMA1_IRQHandler                
000034d3  TIMG0_IRQHandler                
000034d3  TIMG12_IRQHandler               
000034d3  TIMG6_IRQHandler                
000034d3  TIMG7_IRQHandler                
000034d3  TIMG8_IRQHandler                
000034d3  UART0_IRQHandler                
000034d3  UART1_IRQHandler                
000034d3  UART2_IRQHandler                
000034d3  UART3_IRQHandler                
000034d5  SYSCFG_DL_PWM_0_init            
00003565  __aeabi_fmul                    
00003565  __mulsf3                        
00003889  __TI_decompress_lzss            
00003905  GROUP1_IRQHandler               
0000396d  __aeabi_fcmpeq                  
00003981  __aeabi_fcmplt                  
00003995  __aeabi_fcmple                  
000039a9  __aeabi_fcmpge                  
000039bd  __aeabi_fcmpgt                  
000039cf  Gray_Init                       
000039d1  SYSCFG_DL_UART_2_init           
00003a31  __aeabi_idiv                    
00003a31  __aeabi_idivmod                 
00003a87  Key_Init                        
00003a89  Gray_Read_All                   
00003add  Motor_SetSpeed                  
00003b31  DL_UART_init                    
00003b79  Motor_Init                      
00003bc1  SYSCFG_DL_SYSCTL_init           
00003c01  SYSCFG_DL_initPower             
00003c41  __aeabi_i2f                     
00003c41  __floatsisf                     
00003c7d  __gesf2                         
00003c7d  __gtsf2                         
00003cb9  __TI_auto_init_nobinit_nopinit  
00003cf5  __cmpsf2                        
00003cf5  __eqsf2                         
00003cf5  __lesf2                         
00003cf5  __ltsf2                         
00003cf5  __nesf2                         
00003d2f  __aeabi_idiv0                   
00003d31  __muldsi3                       
00003d6d  Motor_Stop                      
00003da5  __aeabi_f2iz                    
00003da5  __fixsfsi                       
00003ddd  _c_int00_noargs                 
00003e05  SYSCFG_DL_init                  
00003e29  DL_Timer_setCaptCompUpdateMethod
00003e45  DL_Timer_setClockConfig         
00003e61  JY901S_Init                     
00003e7d  DL_Timer_setCaptureCompareOutCtl
00003e95  __TI_zero_init_nomemset         
00003ead  Encoder_Clear                   
00003ec1  Key1_Read                       
00003ed5  DL_UART_setClockConfig          
00003ee7  __TI_decompress_none            
00003ef9  Buzzer_Init                     
00003f09  Buzzer_Off                      
00003f19  Buzzer_On                       
00003f29  DL_Timer_setCaptureCompareValue 
00003f39  Key3_Read                       
00003f49  LED_Init                        
00003f59  LED_Off                         
00003f69  LED_On                          
00003f79  SysTick_Handler                 
00003f89  Encoder_GetLeft                 
00003f95  Encoder_GetRight                
00003fa1  Encoder_Init                    
00003fad  JY901S_GetYaw                   
00003fb9  JY901S_HasYaw                   
00003fc5  DL_Common_delayCycles           
00003fd1  __aeabi_memcpy                  
00003fd1  __aeabi_memcpy4                 
00003fd1  __aeabi_memcpy8                 
00003fd9  abort                           
00003fde  C$$EXIT                         
00003fdf  HOSTexit                        
00003fe3  Reset_Handler                   
00003fe7  _system_pre_init                
00004018  __TI_Handler_Table_Base         
00004024  __TI_Handler_Table_Limit        
0000402c  __TI_CINIT_Base                 
0000403c  __TI_CINIT_Limit                
0000403c  __TI_CINIT_Warm                 
20200000  __start___llvm_prf_bits         
20200000  __start___llvm_prf_cnts         
20200000  __stop___llvm_prf_bits          
20200000  __stop___llvm_prf_cnts          
20200000  gPWM_0Backup                    
202000c8  debug_align_error               
202000cc  debug_avg_encoder               
202000d0  debug_left_encoder              
202000d4  debug_relative_yaw              
202000d8  debug_right_encoder             
202000dc  debug_yaw                       
202000ec  left_encoder_count              
20200134  right_encoder_count             
20200138  debug_left_speed                
2020013a  debug_right_speed               
2020013d  debug_gray                      
2020013e  debug_lap_count                 
2020013f  debug_line_d_error              
20200140  debug_line_error                
20200141  debug_line_hit_count            
20200142  debug_state                     
20207e00  __stack                         
20208000  __STACK_END                     
ffffffff  __TI_pprof_out_hndl             
ffffffff  __TI_prof_data_size             
ffffffff  __TI_prof_data_start            
ffffffff  __binit__                       
ffffffff  binit                           
UNDEFED   __mpu_init                      
UNDEFED   _system_post_cinit              

[154 symbols]
