<?xml version="1.0" encoding="ISO-8859-1" ?>
<link_info>
   <banner>TI ARM Clang Linker PC v4.0.4.LTS</banner>
   <copyright>Copyright (c) 1996-2018 Texas Instruments Incorporated</copyright>
   <command_line>D:\TI\ccs\tools\compiler\ti-cgt-armllvm_4.0.4.LTS\bin\tiarmlnk -ID:\TI\ccs\tools\compiler\ti-cgt-armllvm_4.0.4.LTS\lib -o Car.out -mCar.map -iD:/TI/mspm0_sdk_2_10_00_04/source -iD:/TI Car/Car TI/Car -iD:/TI Car/Car TI/Car/Debug/syscfg -iD:/TI/ccs/tools/compiler/ti-cgt-armllvm_4.0.4.LTS/lib --diag_wrap=off --display_error_number --warn_sections --xml_link_info=Car_linkInfo.xml --rom_model ./Buzzer.o ./Encoder.o ./JY901S.o ./Key.o ./LED.o ./PWM.o ./Sensor.o ./empty.o ./ti_msp_dl_config.o ./startup_mspm0g350x_ticlang.o -l./device_linker.cmd -ldevice.cmd.genlibs -llibc.a --start-group -llibc++.a -llibc++abi.a -llibc.a -llibsys.a -llibsysbm.a -llibclang_rt.builtins.a -llibclang_rt.profile.a --end-group --cg_opt_level=2</command_line>
   <link_time>0x6a1a45e9</link_time>
   <link_errors>0x0</link_errors>
   <output_file>D:\TI Car\Car TI\Car\Debug\Car.out</output_file>
   <entry_point>
      <name>_c_int00_noargs</name>
      <address>0x3ddd</address>
   </entry_point>
   <input_file_list>
      <input_file id="fl-1">
         <path>D:\TI Car\Car TI\Car\Debug\.\</path>
         <kind>object</kind>
         <file>Buzzer.o</file>
         <name>Buzzer.o</name>
      </input_file>
      <input_file id="fl-2">
         <path>D:\TI Car\Car TI\Car\Debug\.\</path>
         <kind>object</kind>
         <file>Encoder.o</file>
         <name>Encoder.o</name>
      </input_file>
      <input_file id="fl-3">
         <path>D:\TI Car\Car TI\Car\Debug\.\</path>
         <kind>object</kind>
         <file>JY901S.o</file>
         <name>JY901S.o</name>
      </input_file>
      <input_file id="fl-4">
         <path>D:\TI Car\Car TI\Car\Debug\.\</path>
         <kind>object</kind>
         <file>Key.o</file>
         <name>Key.o</name>
      </input_file>
      <input_file id="fl-5">
         <path>D:\TI Car\Car TI\Car\Debug\.\</path>
         <kind>object</kind>
         <file>LED.o</file>
         <name>LED.o</name>
      </input_file>
      <input_file id="fl-6">
         <path>D:\TI Car\Car TI\Car\Debug\.\</path>
         <kind>object</kind>
         <file>PWM.o</file>
         <name>PWM.o</name>
      </input_file>
      <input_file id="fl-7">
         <path>D:\TI Car\Car TI\Car\Debug\.\</path>
         <kind>object</kind>
         <file>Sensor.o</file>
         <name>Sensor.o</name>
      </input_file>
      <input_file id="fl-8">
         <path>D:\TI Car\Car TI\Car\Debug\.\</path>
         <kind>object</kind>
         <file>empty.o</file>
         <name>empty.o</name>
      </input_file>
      <input_file id="fl-9">
         <path>D:\TI Car\Car TI\Car\Debug\.\</path>
         <kind>object</kind>
         <file>ti_msp_dl_config.o</file>
         <name>ti_msp_dl_config.o</name>
      </input_file>
      <input_file id="fl-a">
         <path>D:\TI Car\Car TI\Car\Debug\.\</path>
         <kind>object</kind>
         <file>startup_mspm0g350x_ticlang.o</file>
         <name>startup_mspm0g350x_ticlang.o</name>
      </input_file>
      <input_file id="fl-17">
         <path>D:\TI Car\Car TI\Car\Debug\</path>
         <kind>object</kind>
         <file>&lt;internal&gt;</file>
         <name>&lt;internal&gt;</name>
      </input_file>
      <input_file id="fl-18">
         <path>D:\TI\mspm0_sdk_2_10_00_04\source\ti\driverlib\lib\ticlang\m0p\mspm0g1x0x_g3x0x\</path>
         <kind>archive</kind>
         <file>driverlib.a</file>
         <name>dl_common.o</name>
      </input_file>
      <input_file id="fl-19">
         <path>D:\TI\mspm0_sdk_2_10_00_04\source\ti\driverlib\lib\ticlang\m0p\mspm0g1x0x_g3x0x\</path>
         <kind>archive</kind>
         <file>driverlib.a</file>
         <name>dl_timer.o</name>
      </input_file>
      <input_file id="fl-1a">
         <path>D:\TI\mspm0_sdk_2_10_00_04\source\ti\driverlib\lib\ticlang\m0p\mspm0g1x0x_g3x0x\</path>
         <kind>archive</kind>
         <file>driverlib.a</file>
         <name>dl_uart.o</name>
      </input_file>
      <input_file id="fl-31">
         <path>D:\TI\ccs\tools\compiler\ti-cgt-armllvm_4.0.4.LTS\lib\armv6m-ti-none-eabi\c\</path>
         <kind>archive</kind>
         <file>libc.a</file>
         <name>boot_cortex_m.c.obj</name>
      </input_file>
      <input_file id="fl-32">
         <path>D:\TI\ccs\tools\compiler\ti-cgt-armllvm_4.0.4.LTS\lib\armv6m-ti-none-eabi\c\</path>
         <kind>archive</kind>
         <file>libc.a</file>
         <name>mathacl_init.c.obj</name>
      </input_file>
      <input_file id="fl-33">
         <path>D:\TI\ccs\tools\compiler\ti-cgt-armllvm_4.0.4.LTS\lib\armv6m-ti-none-eabi\c\</path>
         <kind>archive</kind>
         <file>libc.a</file>
         <name>autoinit.c.obj</name>
      </input_file>
      <input_file id="fl-34">
         <path>D:\TI\ccs\tools\compiler\ti-cgt-armllvm_4.0.4.LTS\lib\armv6m-ti-none-eabi\c\</path>
         <kind>archive</kind>
         <file>libc.a</file>
         <name>pre_init.c.obj</name>
      </input_file>
      <input_file id="fl-35">
         <path>D:\TI\ccs\tools\compiler\ti-cgt-armllvm_4.0.4.LTS\lib\armv6m-ti-none-eabi\c\</path>
         <kind>archive</kind>
         <file>libc.a</file>
         <name>cpy_tbl.c.obj</name>
      </input_file>
      <input_file id="fl-36">
         <path>D:\TI\ccs\tools\compiler\ti-cgt-armllvm_4.0.4.LTS\lib\armv6m-ti-none-eabi\c\</path>
         <kind>archive</kind>
         <file>libc.a</file>
         <name>copy_zero_init.c.obj</name>
      </input_file>
      <input_file id="fl-37">
         <path>D:\TI\ccs\tools\compiler\ti-cgt-armllvm_4.0.4.LTS\lib\armv6m-ti-none-eabi\c\</path>
         <kind>archive</kind>
         <file>libc.a</file>
         <name>copy_decompress_none.c.obj</name>
      </input_file>
      <input_file id="fl-38">
         <path>D:\TI\ccs\tools\compiler\ti-cgt-armllvm_4.0.4.LTS\lib\armv6m-ti-none-eabi\c\</path>
         <kind>archive</kind>
         <file>libc.a</file>
         <name>copy_decompress_lzss.c.obj</name>
      </input_file>
      <input_file id="fl-39">
         <path>D:\TI\ccs\tools\compiler\ti-cgt-armllvm_4.0.4.LTS\lib\armv6m-ti-none-eabi\c\</path>
         <kind>archive</kind>
         <file>libc.a</file>
         <name>exit.c.obj</name>
      </input_file>
      <input_file id="fl-3a">
         <path>D:\TI\ccs\tools\compiler\ti-cgt-armllvm_4.0.4.LTS\lib\armv6m-ti-none-eabi\c\</path>
         <kind>archive</kind>
         <file>libc.a</file>
         <name>_lock.c.obj</name>
      </input_file>
      <input_file id="fl-3b">
         <path>D:\TI\ccs\tools\compiler\ti-cgt-armllvm_4.0.4.LTS\lib\armv6m-ti-none-eabi\c\</path>
         <kind>archive</kind>
         <file>libc.a</file>
         <name>args_main.c.obj</name>
      </input_file>
      <input_file id="fl-db">
         <path>D:\TI\ccs\tools\compiler\ti-cgt-armllvm_4.0.4.LTS\lib\armv6m-ti-none-eabi\c\</path>
         <kind>archive</kind>
         <file>libsysbm.a</file>
         <name>hostexit.c.obj</name>
      </input_file>
      <input_file id="fl-dc">
         <path>D:\TI\ccs\tools\compiler\ti-cgt-armllvm_4.0.4.LTS\lib\armv6m-ti-none-eabi\</path>
         <kind>archive</kind>
         <file>libclang_rt.builtins.a</file>
         <name>addsf3.S.obj</name>
      </input_file>
      <input_file id="fl-dd">
         <path>D:\TI\ccs\tools\compiler\ti-cgt-armllvm_4.0.4.LTS\lib\armv6m-ti-none-eabi\</path>
         <kind>archive</kind>
         <file>libclang_rt.builtins.a</file>
         <name>mulsf3.S.obj</name>
      </input_file>
      <input_file id="fl-de">
         <path>D:\TI\ccs\tools\compiler\ti-cgt-armllvm_4.0.4.LTS\lib\armv6m-ti-none-eabi\</path>
         <kind>archive</kind>
         <file>libclang_rt.builtins.a</file>
         <name>fixsfsi.S.obj</name>
      </input_file>
      <input_file id="fl-df">
         <path>D:\TI\ccs\tools\compiler\ti-cgt-armllvm_4.0.4.LTS\lib\armv6m-ti-none-eabi\</path>
         <kind>archive</kind>
         <file>libclang_rt.builtins.a</file>
         <name>floatsisf.S.obj</name>
      </input_file>
      <input_file id="fl-e0">
         <path>D:\TI\ccs\tools\compiler\ti-cgt-armllvm_4.0.4.LTS\lib\armv6m-ti-none-eabi\</path>
         <kind>archive</kind>
         <file>libclang_rt.builtins.a</file>
         <name>aeabi_fcmp.S.obj</name>
      </input_file>
      <input_file id="fl-e1">
         <path>D:\TI\ccs\tools\compiler\ti-cgt-armllvm_4.0.4.LTS\lib\armv6m-ti-none-eabi\</path>
         <kind>archive</kind>
         <file>libclang_rt.builtins.a</file>
         <name>aeabi_idivmod.S.obj</name>
      </input_file>
      <input_file id="fl-e2">
         <path>D:\TI\ccs\tools\compiler\ti-cgt-armllvm_4.0.4.LTS\lib\armv6m-ti-none-eabi\</path>
         <kind>archive</kind>
         <file>libclang_rt.builtins.a</file>
         <name>aeabi_memcpy.S.obj</name>
      </input_file>
      <input_file id="fl-e3">
         <path>D:\TI\ccs\tools\compiler\ti-cgt-armllvm_4.0.4.LTS\lib\armv6m-ti-none-eabi\</path>
         <kind>archive</kind>
         <file>libclang_rt.builtins.a</file>
         <name>aeabi_memset.S.obj</name>
      </input_file>
      <input_file id="fl-e4">
         <path>D:\TI\ccs\tools\compiler\ti-cgt-armllvm_4.0.4.LTS\lib\armv6m-ti-none-eabi\</path>
         <kind>archive</kind>
         <file>libclang_rt.builtins.a</file>
         <name>aeabi_uidivmod.S.obj</name>
      </input_file>
      <input_file id="fl-e5">
         <path>D:\TI\ccs\tools\compiler\ti-cgt-armllvm_4.0.4.LTS\lib\armv6m-ti-none-eabi\</path>
         <kind>archive</kind>
         <file>libclang_rt.builtins.a</file>
         <name>comparesf2.S.obj</name>
      </input_file>
      <input_file id="fl-e6">
         <path>D:\TI\ccs\tools\compiler\ti-cgt-armllvm_4.0.4.LTS\lib\armv6m-ti-none-eabi\</path>
         <kind>archive</kind>
         <file>libclang_rt.builtins.a</file>
         <name>muldsi3.S.obj</name>
      </input_file>
      <input_file id="fl-e7">
         <path>D:\TI\ccs\tools\compiler\ti-cgt-armllvm_4.0.4.LTS\lib\armv6m-ti-none-eabi\</path>
         <kind>archive</kind>
         <file>libclang_rt.builtins.a</file>
         <name>aeabi_div0.c.obj</name>
      </input_file>
      <input_file id="fl-e8">
         <path>D:\TI\ccs\tools\compiler\ti-cgt-armllvm_4.0.4.LTS\lib\armv6m-ti-none-eabi\c\</path>
         <kind>archive</kind>
         <file>libc.a</file>
         <name>memcpy16.S.obj</name>
      </input_file>
      <input_file id="fl-e9">
         <path>D:\TI\ccs\tools\compiler\ti-cgt-armllvm_4.0.4.LTS\lib\armv6m-ti-none-eabi\c\</path>
         <kind>archive</kind>
         <file>libc.a</file>
         <name>memset16.S.obj</name>
      </input_file>
   </input_file_list>
   <object_component_list>
      <object_component id="oc-18">
         <name>.intvecs</name>
         <load_address>0x0</load_address>
         <readonly>true</readonly>
         <run_address>0x0</run_address>
         <size>0xc0</size>
         <alignment>0x4</alignment>
         <input_file_ref idref="fl-a"/>
      </object_component>
      <object_component id="oc-75">
         <name>.text.main</name>
         <load_address>0xc0</load_address>
         <readonly>true</readonly>
         <executable>true</executable>
         <run_address>0xc0</run_address>
         <size>0x1f10</size>
         <alignment>0x4</alignment>
         <input_file_ref idref="fl-8"/>
      </object_component>
      <object_component id="oc-10c">
         <name>.text.Q4_Straight_Run_To_Absolute_Target</name>
         <load_address>0x1fd0</load_address>
         <readonly>true</readonly>
         <executable>true</executable>
         <run_address>0x1fd0</run_address>
         <size>0x294</size>
         <alignment>0x4</alignment>
         <input_file_ref idref="fl-8"/>
      </object_component>
      <object_component id="oc-f3">
         <name>.text.Q3_Align_To_Target_Custom</name>
         <load_address>0x2264</load_address>
         <readonly>true</readonly>
         <executable>true</executable>
         <run_address>0x2264</run_address>
         <size>0x208</size>
         <alignment>0x4</alignment>
         <input_file_ref idref="fl-8"/>
      </object_component>
      <object_component id="oc-107">
         <name>.text.Q4_Align_To_Absolute_Target</name>
         <load_address>0x246c</load_address>
         <readonly>true</readonly>
         <executable>true</executable>
         <run_address>0x246c</run_address>
         <size>0x1f4</size>
         <alignment>0x4</alignment>
         <input_file_ref idref="fl-8"/>
      </object_component>
      <object_component id="oc-10a">
         <name>.text.Q4_Capture_Line_To_Center</name>
         <load_address>0x2660</load_address>
         <readonly>true</readonly>
         <executable>true</executable>
         <run_address>0x2660</run_address>
         <size>0x168</size>
         <alignment>0x4</alignment>
         <input_file_ref idref="fl-8"/>
      </object_component>
      <object_component id="oc-10b">
         <name>.text.Q4_Straight_Run_Scan_Stable</name>
         <load_address>0x27c8</load_address>
         <readonly>true</readonly>
         <executable>true</executable>
         <run_address>0x27c8</run_address>
         <size>0x164</size>
         <alignment>0x4</alignment>
         <input_file_ref idref="fl-8"/>
      </object_component>
      <object_component id="oc-da">
         <name>.text.Q2_Straight_Run_No_Line</name>
         <load_address>0x292c</load_address>
         <readonly>true</readonly>
         <executable>true</executable>
         <run_address>0x292c</run_address>
         <size>0x15c</size>
         <alignment>0x4</alignment>
         <input_file_ref idref="fl-8"/>
      </object_component>
      <object_component id="oc-f6">
         <name>.text.Q3_Straight_Run_No_Line</name>
         <load_address>0x2a88</load_address>
         <readonly>true</readonly>
         <executable>true</executable>
         <run_address>0x2a88</run_address>
         <size>0x15c</size>
         <alignment>0x4</alignment>
         <input_file_ref idref="fl-8"/>
      </object_component>
      <object_component id="oc-ba">
         <name>.text.Q1_Arrive_Alert</name>
         <load_address>0x2be4</load_address>
         <readonly>true</readonly>
         <executable>true</executable>
         <run_address>0x2be4</run_address>
         <size>0x154</size>
         <alignment>0x4</alignment>
         <input_file_ref idref="fl-8"/>
      </object_component>
      <object_component id="oc-df">
         <name>.text.Q2_Line_Follow_RightArc</name>
         <load_address>0x2d38</load_address>
         <readonly>true</readonly>
         <executable>true</executable>
         <run_address>0x2d38</run_address>
         <size>0x140</size>
         <alignment>0x4</alignment>
         <input_file_ref idref="fl-8"/>
      </object_component>
      <object_component id="oc-108">
         <name>.text.Q4_Line_Follow_Arc</name>
         <load_address>0x2e78</load_address>
         <readonly>true</readonly>
         <executable>true</executable>
         <run_address>0x2e78</run_address>
         <size>0x114</size>
         <alignment>0x4</alignment>
         <input_file_ref idref="fl-8"/>
      </object_component>
      <object_component id="oc-f4">
         <name>.text.Q3_Line_Follow_Arc</name>
         <load_address>0x2f8c</load_address>
         <readonly>true</readonly>
         <executable>true</executable>
         <run_address>0x2f8c</run_address>
         <size>0x10c</size>
         <alignment>0x4</alignment>
         <input_file_ref idref="fl-8"/>
      </object_component>
      <object_component id="oc-181">
         <name>.text.DL_Timer_initFourCCPWMMode</name>
         <load_address>0x3098</load_address>
         <readonly>true</readonly>
         <executable>true</executable>
         <run_address>0x3098</run_address>
         <size>0x104</size>
         <alignment>0x4</alignment>
         <input_file_ref idref="fl-19"/>
      </object_component>
      <object_component id="oc-12e">
         <name>.text.SYSCFG_DL_GPIO_init</name>
         <load_address>0x319c</load_address>
         <readonly>true</readonly>
         <executable>true</executable>
         <run_address>0x319c</run_address>
         <size>0xf8</size>
         <alignment>0x4</alignment>
         <input_file_ref idref="fl-9"/>
      </object_component>
      <object_component id="oc-c6">
         <name>.text</name>
         <load_address>0x3294</load_address>
         <readonly>true</readonly>
         <executable>true</executable>
         <run_address>0x3294</run_address>
         <size>0xd8</size>
         <alignment>0x4</alignment>
         <input_file_ref idref="fl-dc"/>
      </object_component>
      <object_component id="oc-b6">
         <name>.text.JY901S_Update</name>
         <load_address>0x336c</load_address>
         <readonly>true</readonly>
         <executable>true</executable>
         <run_address>0x336c</run_address>
         <size>0xcc</size>
         <alignment>0x4</alignment>
         <input_file_ref idref="fl-3"/>
      </object_component>
      <object_component id="oc-85">
         <name>.text:memcpy</name>
         <load_address>0x3438</load_address>
         <readonly>true</readonly>
         <executable>true</executable>
         <run_address>0x3438</run_address>
         <size>0x9a</size>
         <alignment>0x1</alignment>
         <input_file_ref idref="fl-e8"/>
      </object_component>
      <object_component id="oc-33">
         <name>.text.Default_Handler</name>
         <load_address>0x34d2</load_address>
         <readonly>true</readonly>
         <executable>true</executable>
         <run_address>0x34d2</run_address>
         <size>0x2</size>
         <alignment>0x2</alignment>
         <input_file_ref idref="fl-a"/>
      </object_component>
      <object_component id="oc-131">
         <name>.text.SYSCFG_DL_PWM_0_init</name>
         <load_address>0x34d4</load_address>
         <readonly>true</readonly>
         <executable>true</executable>
         <run_address>0x34d4</run_address>
         <size>0x90</size>
         <alignment>0x4</alignment>
         <input_file_ref idref="fl-9"/>
      </object_component>
      <object_component id="oc-e4">
         <name>.text.__mulsf3</name>
         <load_address>0x3564</load_address>
         <readonly>true</readonly>
         <executable>true</executable>
         <run_address>0x3564</run_address>
         <size>0x8c</size>
         <alignment>0x4</alignment>
         <input_file_ref idref="fl-dd"/>
      </object_component>
      <object_component id="oc-f5">
         <name>.text.Q3_Arc_End_By_LineLost_OK</name>
         <load_address>0x35f0</load_address>
         <readonly>true</readonly>
         <executable>true</executable>
         <run_address>0x35f0</run_address>
         <size>0x88</size>
         <alignment>0x4</alignment>
         <input_file_ref idref="fl-8"/>
      </object_component>
      <object_component id="oc-f7">
         <name>.text.Q3_Diagonal_To_Arc_End_OK</name>
         <load_address>0x3678</load_address>
         <readonly>true</readonly>
         <executable>true</executable>
         <run_address>0x3678</run_address>
         <size>0x88</size>
         <alignment>0x4</alignment>
         <input_file_ref idref="fl-8"/>
      </object_component>
      <object_component id="oc-109">
         <name>.text.Q4_Arc_End_By_LineLost_OK</name>
         <load_address>0x3700</load_address>
         <readonly>true</readonly>
         <executable>true</executable>
         <run_address>0x3700</run_address>
         <size>0x88</size>
         <alignment>0x4</alignment>
         <input_file_ref idref="fl-8"/>
      </object_component>
      <object_component id="oc-e0">
         <name>.text.Q2_Arc_End_By_LineLost_OK</name>
         <load_address>0x3788</load_address>
         <readonly>true</readonly>
         <executable>true</executable>
         <run_address>0x3788</run_address>
         <size>0x84</size>
         <alignment>0x4</alignment>
         <input_file_ref idref="fl-8"/>
      </object_component>
      <object_component id="oc-ce">
         <name>.text.Alert_Once</name>
         <load_address>0x380c</load_address>
         <readonly>true</readonly>
         <executable>true</executable>
         <run_address>0x380c</run_address>
         <size>0x7c</size>
         <alignment>0x4</alignment>
         <input_file_ref idref="fl-8"/>
      </object_component>
      <object_component id="oc-1c">
         <name>.text:decompress:lzss</name>
         <load_address>0x3888</load_address>
         <readonly>true</readonly>
         <executable>true</executable>
         <run_address>0x3888</run_address>
         <size>0x7c</size>
         <alignment>0x4</alignment>
         <input_file_ref idref="fl-38"/>
      </object_component>
      <object_component id="oc-39">
         <name>.text.GROUP1_IRQHandler</name>
         <load_address>0x3904</load_address>
         <readonly>true</readonly>
         <executable>true</executable>
         <run_address>0x3904</run_address>
         <size>0x68</size>
         <alignment>0x4</alignment>
         <input_file_ref idref="fl-2"/>
      </object_component>
      <object_component id="oc-ca">
         <name>.text.__aeabi_fcmp</name>
         <load_address>0x396c</load_address>
         <readonly>true</readonly>
         <executable>true</executable>
         <run_address>0x396c</run_address>
         <size>0x62</size>
         <alignment>0x4</alignment>
         <input_file_ref idref="fl-e0"/>
      </object_component>
      <object_component id="oc-8f">
         <name>.text.Gray_Init</name>
         <load_address>0x39ce</load_address>
         <readonly>true</readonly>
         <executable>true</executable>
         <run_address>0x39ce</run_address>
         <size>0x2</size>
         <alignment>0x2</alignment>
         <input_file_ref idref="fl-7"/>
      </object_component>
      <object_component id="oc-132">
         <name>.text.SYSCFG_DL_UART_2_init</name>
         <load_address>0x39d0</load_address>
         <readonly>true</readonly>
         <executable>true</executable>
         <run_address>0x39d0</run_address>
         <size>0x60</size>
         <alignment>0x4</alignment>
         <input_file_ref idref="fl-9"/>
      </object_component>
      <object_component id="oc-db">
         <name>.text.__aeabi_idivmod</name>
         <load_address>0x3a30</load_address>
         <readonly>true</readonly>
         <executable>true</executable>
         <run_address>0x3a30</run_address>
         <size>0x56</size>
         <alignment>0x4</alignment>
         <input_file_ref idref="fl-e1"/>
      </object_component>
      <object_component id="oc-a9">
         <name>.text.Key_Init</name>
         <load_address>0x3a86</load_address>
         <readonly>true</readonly>
         <executable>true</executable>
         <run_address>0x3a86</run_address>
         <size>0x2</size>
         <alignment>0x2</alignment>
         <input_file_ref idref="fl-4"/>
      </object_component>
      <object_component id="oc-b0">
         <name>.text.Gray_Read_All</name>
         <load_address>0x3a88</load_address>
         <readonly>true</readonly>
         <executable>true</executable>
         <run_address>0x3a88</run_address>
         <size>0x54</size>
         <alignment>0x4</alignment>
         <input_file_ref idref="fl-7"/>
      </object_component>
      <object_component id="oc-b4">
         <name>.text.Motor_SetSpeed</name>
         <load_address>0x3adc</load_address>
         <readonly>true</readonly>
         <executable>true</executable>
         <run_address>0x3adc</run_address>
         <size>0x54</size>
         <alignment>0x4</alignment>
         <input_file_ref idref="fl-6"/>
      </object_component>
      <object_component id="oc-18c">
         <name>.text.DL_UART_init</name>
         <load_address>0x3b30</load_address>
         <readonly>true</readonly>
         <executable>true</executable>
         <run_address>0x3b30</run_address>
         <size>0x48</size>
         <alignment>0x4</alignment>
         <input_file_ref idref="fl-1a"/>
      </object_component>
      <object_component id="oc-94">
         <name>.text.Motor_Init</name>
         <load_address>0x3b78</load_address>
         <readonly>true</readonly>
         <executable>true</executable>
         <run_address>0x3b78</run_address>
         <size>0x48</size>
         <alignment>0x4</alignment>
         <input_file_ref idref="fl-6"/>
      </object_component>
      <object_component id="oc-12f">
         <name>.text.SYSCFG_DL_SYSCTL_init</name>
         <load_address>0x3bc0</load_address>
         <readonly>true</readonly>
         <executable>true</executable>
         <run_address>0x3bc0</run_address>
         <size>0x40</size>
         <alignment>0x4</alignment>
         <input_file_ref idref="fl-9"/>
      </object_component>
      <object_component id="oc-12d">
         <name>.text.SYSCFG_DL_initPower</name>
         <load_address>0x3c00</load_address>
         <readonly>true</readonly>
         <executable>true</executable>
         <run_address>0x3c00</run_address>
         <size>0x40</size>
         <alignment>0x4</alignment>
         <input_file_ref idref="fl-9"/>
      </object_component>
      <object_component id="oc-14c">
         <name>.text.__floatsisf</name>
         <load_address>0x3c40</load_address>
         <readonly>true</readonly>
         <executable>true</executable>
         <run_address>0x3c40</run_address>
         <size>0x3c</size>
         <alignment>0x4</alignment>
         <input_file_ref idref="fl-df"/>
      </object_component>
      <object_component id="oc-15c">
         <name>.text.__gtsf2</name>
         <load_address>0x3c7c</load_address>
         <readonly>true</readonly>
         <executable>true</executable>
         <run_address>0x3c7c</run_address>
         <size>0x3c</size>
         <alignment>0x4</alignment>
         <input_file_ref idref="fl-e5"/>
      </object_component>
      <object_component id="oc-114">
         <name>.text:__TI_auto_init_nobinit_nopinit</name>
         <load_address>0x3cb8</load_address>
         <readonly>true</readonly>
         <executable>true</executable>
         <run_address>0x3cb8</run_address>
         <size>0x3c</size>
         <alignment>0x4</alignment>
         <input_file_ref idref="fl-33"/>
      </object_component>
      <object_component id="oc-157">
         <name>.text.__eqsf2</name>
         <load_address>0x3cf4</load_address>
         <readonly>true</readonly>
         <executable>true</executable>
         <run_address>0x3cf4</run_address>
         <size>0x3a</size>
         <alignment>0x4</alignment>
         <input_file_ref idref="fl-e5"/>
      </object_component>
      <object_component id="oc-15e">
         <name>.text.__aeabi_idiv0</name>
         <load_address>0x3d2e</load_address>
         <readonly>true</readonly>
         <executable>true</executable>
         <run_address>0x3d2e</run_address>
         <size>0x2</size>
         <alignment>0x2</alignment>
         <input_file_ref idref="fl-e7"/>
      </object_component>
      <object_component id="oc-165">
         <name>.text.__muldsi3</name>
         <load_address>0x3d30</load_address>
         <readonly>true</readonly>
         <executable>true</executable>
         <run_address>0x3d30</run_address>
         <size>0x3a</size>
         <alignment>0x4</alignment>
         <input_file_ref idref="fl-e6"/>
      </object_component>
      <object_component id="oc-af">
         <name>.text.Motor_Stop</name>
         <load_address>0x3d6c</load_address>
         <readonly>true</readonly>
         <executable>true</executable>
         <run_address>0x3d6c</run_address>
         <size>0x38</size>
         <alignment>0x4</alignment>
         <input_file_ref idref="fl-6"/>
      </object_component>
      <object_component id="oc-e8">
         <name>.text.__fixsfsi</name>
         <load_address>0x3da4</load_address>
         <readonly>true</readonly>
         <executable>true</executable>
         <run_address>0x3da4</run_address>
         <size>0x38</size>
         <alignment>0x4</alignment>
         <input_file_ref idref="fl-de"/>
      </object_component>
      <object_component id="oc-59">
         <name>.text:_c_int00_noargs</name>
         <load_address>0x3ddc</load_address>
         <readonly>true</readonly>
         <executable>true</executable>
         <run_address>0x3ddc</run_address>
         <size>0x28</size>
         <alignment>0x4</alignment>
         <input_file_ref idref="fl-31"/>
      </object_component>
      <object_component id="oc-8a">
         <name>.text.SYSCFG_DL_init</name>
         <load_address>0x3e04</load_address>
         <readonly>true</readonly>
         <executable>true</executable>
         <run_address>0x3e04</run_address>
         <size>0x24</size>
         <alignment>0x4</alignment>
         <input_file_ref idref="fl-9"/>
      </object_component>
      <object_component id="oc-183">
         <name>.text.DL_Timer_setCaptCompUpdateMethod</name>
         <load_address>0x3e28</load_address>
         <readonly>true</readonly>
         <executable>true</executable>
         <run_address>0x3e28</run_address>
         <size>0x1c</size>
         <alignment>0x4</alignment>
         <input_file_ref idref="fl-19"/>
      </object_component>
      <object_component id="oc-180">
         <name>.text.DL_Timer_setClockConfig</name>
         <load_address>0x3e44</load_address>
         <readonly>true</readonly>
         <executable>true</executable>
         <run_address>0x3e44</run_address>
         <size>0x1c</size>
         <alignment>0x4</alignment>
         <input_file_ref idref="fl-19"/>
      </object_component>
      <object_component id="oc-a4">
         <name>.text.JY901S_Init</name>
         <load_address>0x3e60</load_address>
         <readonly>true</readonly>
         <executable>true</executable>
         <run_address>0x3e60</run_address>
         <size>0x1c</size>
         <alignment>0x4</alignment>
         <input_file_ref idref="fl-3"/>
      </object_component>
      <object_component id="oc-182">
         <name>.text.DL_Timer_setCaptureCompareOutCtl</name>
         <load_address>0x3e7c</load_address>
         <readonly>true</readonly>
         <executable>true</executable>
         <run_address>0x3e7c</run_address>
         <size>0x18</size>
         <alignment>0x4</alignment>
         <input_file_ref idref="fl-19"/>
      </object_component>
      <object_component id="oc-50">
         <name>.text:decompress:ZI:__TI_zero_init_nomemset</name>
         <load_address>0x3e94</load_address>
         <readonly>true</readonly>
         <executable>true</executable>
         <run_address>0x3e94</run_address>
         <size>0x16</size>
         <alignment>0x2</alignment>
         <input_file_ref idref="fl-36"/>
      </object_component>
      <object_component id="oc-ae">
         <name>.text.Encoder_Clear</name>
         <load_address>0x3eac</load_address>
         <readonly>true</readonly>
         <executable>true</executable>
         <run_address>0x3eac</run_address>
         <size>0x14</size>
         <alignment>0x4</alignment>
         <input_file_ref idref="fl-2"/>
      </object_component>
      <object_component id="oc-b8">
         <name>.text.Key1_Read</name>
         <load_address>0x3ec0</load_address>
         <readonly>true</readonly>
         <executable>true</executable>
         <run_address>0x3ec0</run_address>
         <size>0x14</size>
         <alignment>0x4</alignment>
         <input_file_ref idref="fl-4"/>
      </object_component>
      <object_component id="oc-186">
         <name>.text.DL_UART_setClockConfig</name>
         <load_address>0x3ed4</load_address>
         <readonly>true</readonly>
         <executable>true</executable>
         <run_address>0x3ed4</run_address>
         <size>0x12</size>
         <alignment>0x2</alignment>
         <input_file_ref idref="fl-1a"/>
      </object_component>
      <object_component id="oc-20">
         <name>.text:decompress:none</name>
         <load_address>0x3ee6</load_address>
         <readonly>true</readonly>
         <executable>true</executable>
         <run_address>0x3ee6</run_address>
         <size>0x12</size>
         <alignment>0x2</alignment>
         <input_file_ref idref="fl-37"/>
      </object_component>
      <object_component id="oc-9e">
         <name>.text.Buzzer_Init</name>
         <load_address>0x3ef8</load_address>
         <readonly>true</readonly>
         <executable>true</executable>
         <run_address>0x3ef8</run_address>
         <size>0x10</size>
         <alignment>0x4</alignment>
         <input_file_ref idref="fl-1"/>
      </object_component>
      <object_component id="oc-155">
         <name>.text.Buzzer_Off</name>
         <load_address>0x3f08</load_address>
         <readonly>true</readonly>
         <executable>true</executable>
         <run_address>0x3f08</run_address>
         <size>0x10</size>
         <alignment>0x4</alignment>
         <input_file_ref idref="fl-1"/>
      </object_component>
      <object_component id="oc-153">
         <name>.text.Buzzer_On</name>
         <load_address>0x3f18</load_address>
         <readonly>true</readonly>
         <executable>true</executable>
         <run_address>0x3f18</run_address>
         <size>0x10</size>
         <alignment>0x4</alignment>
         <input_file_ref idref="fl-1"/>
      </object_component>
      <object_component id="oc-138">
         <name>.text.DL_Timer_setCaptureCompareValue</name>
         <load_address>0x3f28</load_address>
         <readonly>true</readonly>
         <executable>true</executable>
         <run_address>0x3f28</run_address>
         <size>0x10</size>
         <alignment>0x4</alignment>
         <input_file_ref idref="fl-19"/>
      </object_component>
      <object_component id="oc-b9">
         <name>.text.Key3_Read</name>
         <load_address>0x3f38</load_address>
         <readonly>true</readonly>
         <executable>true</executable>
         <run_address>0x3f38</run_address>
         <size>0x10</size>
         <alignment>0x4</alignment>
         <input_file_ref idref="fl-4"/>
      </object_component>
      <object_component id="oc-99">
         <name>.text.LED_Init</name>
         <load_address>0x3f48</load_address>
         <readonly>true</readonly>
         <executable>true</executable>
         <run_address>0x3f48</run_address>
         <size>0x10</size>
         <alignment>0x4</alignment>
         <input_file_ref idref="fl-5"/>
      </object_component>
      <object_component id="oc-154">
         <name>.text.LED_Off</name>
         <load_address>0x3f58</load_address>
         <readonly>true</readonly>
         <executable>true</executable>
         <run_address>0x3f58</run_address>
         <size>0x10</size>
         <alignment>0x4</alignment>
         <input_file_ref idref="fl-5"/>
      </object_component>
      <object_component id="oc-152">
         <name>.text.LED_On</name>
         <load_address>0x3f68</load_address>
         <readonly>true</readonly>
         <executable>true</executable>
         <run_address>0x3f68</run_address>
         <size>0x10</size>
         <alignment>0x4</alignment>
         <input_file_ref idref="fl-5"/>
      </object_component>
      <object_component id="oc-34">
         <name>.text.SysTick_Handler</name>
         <load_address>0x3f78</load_address>
         <readonly>true</readonly>
         <executable>true</executable>
         <run_address>0x3f78</run_address>
         <size>0x10</size>
         <alignment>0x4</alignment>
         <input_file_ref idref="fl-8"/>
      </object_component>
      <object_component id="oc-b2">
         <name>.text.Encoder_GetLeft</name>
         <load_address>0x3f88</load_address>
         <readonly>true</readonly>
         <executable>true</executable>
         <run_address>0x3f88</run_address>
         <size>0xc</size>
         <alignment>0x4</alignment>
         <input_file_ref idref="fl-2"/>
      </object_component>
      <object_component id="oc-b3">
         <name>.text.Encoder_GetRight</name>
         <load_address>0x3f94</load_address>
         <readonly>true</readonly>
         <executable>true</executable>
         <run_address>0x3f94</run_address>
         <size>0xc</size>
         <alignment>0x4</alignment>
         <input_file_ref idref="fl-2"/>
      </object_component>
      <object_component id="oc-a3">
         <name>.text.Encoder_Init</name>
         <load_address>0x3fa0</load_address>
         <readonly>true</readonly>
         <executable>true</executable>
         <run_address>0x3fa0</run_address>
         <size>0xc</size>
         <alignment>0x4</alignment>
         <input_file_ref idref="fl-2"/>
      </object_component>
      <object_component id="oc-c5">
         <name>.text.JY901S_GetYaw</name>
         <load_address>0x3fac</load_address>
         <readonly>true</readonly>
         <executable>true</executable>
         <run_address>0x3fac</run_address>
         <size>0xc</size>
         <alignment>0x4</alignment>
         <input_file_ref idref="fl-3"/>
      </object_component>
      <object_component id="oc-c4">
         <name>.text.JY901S_HasYaw</name>
         <load_address>0x3fb8</load_address>
         <readonly>true</readonly>
         <executable>true</executable>
         <run_address>0x3fb8</run_address>
         <size>0xc</size>
         <alignment>0x4</alignment>
         <input_file_ref idref="fl-3"/>
      </object_component>
      <object_component id="oc-17c">
         <name>.text.DL_Common_delayCycles</name>
         <load_address>0x3fc4</load_address>
         <readonly>true</readonly>
         <executable>true</executable>
         <run_address>0x3fc4</run_address>
         <size>0xa</size>
         <alignment>0x2</alignment>
         <input_file_ref idref="fl-18"/>
      </object_component>
      <object_component id="oc-49">
         <name>.text.__aeabi_memcpy</name>
         <load_address>0x3fd0</load_address>
         <readonly>true</readonly>
         <executable>true</executable>
         <run_address>0x3fd0</run_address>
         <size>0x8</size>
         <alignment>0x4</alignment>
         <input_file_ref idref="fl-e2"/>
      </object_component>
      <object_component id="oc-10d">
         <name>.text:abort</name>
         <load_address>0x3fd8</load_address>
         <readonly>true</readonly>
         <executable>true</executable>
         <run_address>0x3fd8</run_address>
         <size>0x6</size>
         <alignment>0x2</alignment>
         <input_file_ref idref="fl-39"/>
      </object_component>
      <object_component id="oc-16b">
         <name>.text.HOSTexit</name>
         <load_address>0x3fde</load_address>
         <readonly>true</readonly>
         <executable>true</executable>
         <run_address>0x3fde</run_address>
         <size>0x4</size>
         <alignment>0x2</alignment>
         <input_file_ref idref="fl-db"/>
      </object_component>
      <object_component id="oc-2f">
         <name>.text.Reset_Handler</name>
         <load_address>0x3fe2</load_address>
         <readonly>true</readonly>
         <executable>true</executable>
         <run_address>0x3fe2</run_address>
         <size>0x4</size>
         <alignment>0x2</alignment>
         <input_file_ref idref="fl-a"/>
      </object_component>
      <object_component id="oc-71">
         <name>.text._system_pre_init</name>
         <load_address>0x3fe6</load_address>
         <readonly>true</readonly>
         <executable>true</executable>
         <run_address>0x3fe6</run_address>
         <size>0x4</size>
         <alignment>0x2</alignment>
         <input_file_ref idref="fl-34"/>
      </object_component>
      <object_component id="oc-1e8">
         <name>.cinit..data.load</name>
         <load_address>0x4008</load_address>
         <readonly>true</readonly>
         <run_address>0x4008</run_address>
         <size>0x10</size>
         <alignment>0x1</alignment>
      </object_component>
      <object_component id="oc-1e6">
         <name>__TI_handler_table</name>
         <load_address>0x4018</load_address>
         <readonly>true</readonly>
         <run_address>0x4018</run_address>
         <size>0xc</size>
         <alignment>0x4</alignment>
      </object_component>
      <object_component id="oc-1e9">
         <name>.cinit..bss.load</name>
         <load_address>0x4024</load_address>
         <readonly>true</readonly>
         <run_address>0x4024</run_address>
         <size>0x8</size>
         <alignment>0x4</alignment>
      </object_component>
      <object_component id="oc-1e7">
         <name>__TI_cinit_table</name>
         <load_address>0x402c</load_address>
         <readonly>true</readonly>
         <run_address>0x402c</run_address>
         <size>0x10</size>
         <alignment>0x4</alignment>
      </object_component>
      <object_component id="oc-18e">
         <name>.rodata.gUART_2Config</name>
         <load_address>0x3ff0</load_address>
         <readonly>true</readonly>
         <run_address>0x3ff0</run_address>
         <size>0xa</size>
         <alignment>0x2</alignment>
         <input_file_ref idref="fl-9"/>
      </object_component>
      <object_component id="oc-18d">
         <name>.rodata.gUART_2ClockConfig</name>
         <load_address>0x3ffa</load_address>
         <readonly>true</readonly>
         <run_address>0x3ffa</run_address>
         <size>0x2</size>
         <alignment>0x1</alignment>
         <input_file_ref idref="fl-9"/>
      </object_component>
      <object_component id="oc-185">
         <name>.rodata.gPWM_0Config</name>
         <load_address>0x3ffc</load_address>
         <readonly>true</readonly>
         <run_address>0x3ffc</run_address>
         <size>0x8</size>
         <alignment>0x4</alignment>
         <input_file_ref idref="fl-9"/>
      </object_component>
      <object_component id="oc-184">
         <name>.rodata.gPWM_0ClockConfig</name>
         <load_address>0x4004</load_address>
         <readonly>true</readonly>
         <run_address>0x4004</run_address>
         <size>0x3</size>
         <alignment>0x1</alignment>
         <input_file_ref idref="fl-9"/>
      </object_component>
      <object_component id="oc-1b0">
         <name>.binit</name>
         <load_address>0x0</load_address>
         <readonly>true</readonly>
         <run_address>0x0</run_address>
         <size>0x0</size>
         <alignment>0x4</alignment>
      </object_component>
      <object_component id="oc-64">
         <name>.data.left_encoder_count</name>
         <load_address>0x202000ec</load_address>
         <readwrite>true</readwrite>
         <run_address>0x202000ec</run_address>
         <size>0x4</size>
         <alignment>0x4</alignment>
         <input_file_ref idref="fl-2"/>
      </object_component>
      <object_component id="oc-65">
         <name>.data.right_encoder_count</name>
         <load_address>0x20200134</load_address>
         <readwrite>true</readwrite>
         <run_address>0x20200134</run_address>
         <size>0x4</size>
         <alignment>0x4</alignment>
         <input_file_ref idref="fl-2"/>
      </object_component>
      <object_component id="oc-144">
         <name>.data.g_yaw_deg</name>
         <load_address>0x202000e4</load_address>
         <readwrite>true</readwrite>
         <run_address>0x202000e4</run_address>
         <size>0x4</size>
         <alignment>0x4</alignment>
         <input_file_ref idref="fl-3"/>
      </object_component>
      <object_component id="oc-145">
         <name>.data.g_yaw_zero_deg</name>
         <load_address>0x202000e8</load_address>
         <readwrite>true</readwrite>
         <run_address>0x202000e8</run_address>
         <size>0x4</size>
         <alignment>0x4</alignment>
         <input_file_ref idref="fl-3"/>
      </object_component>
      <object_component id="oc-146">
         <name>.data.g_has_yaw</name>
         <load_address>0x20200143</load_address>
         <readwrite>true</readwrite>
         <run_address>0x20200143</run_address>
         <size>0x1</size>
         <alignment>0x1</alignment>
         <input_file_ref idref="fl-3"/>
      </object_component>
      <object_component id="oc-150">
         <name>.data.Parse_Byte.index</name>
         <load_address>0x2020013c</load_address>
         <readwrite>true</readwrite>
         <run_address>0x2020013c</run_address>
         <size>0x1</size>
         <alignment>0x1</alignment>
         <input_file_ref idref="fl-3"/>
      </object_component>
      <object_component id="oc-60">
         <name>.data.g_ms</name>
         <load_address>0x202000e0</load_address>
         <readwrite>true</readwrite>
         <run_address>0x202000e0</run_address>
         <size>0x4</size>
         <alignment>0x4</alignment>
         <input_file_ref idref="fl-8"/>
      </object_component>
      <object_component id="oc-bc">
         <name>.data.debug_state</name>
         <load_address>0x20200142</load_address>
         <readwrite>true</readwrite>
         <run_address>0x20200142</run_address>
         <size>0x1</size>
         <alignment>0x1</alignment>
         <input_file_ref idref="fl-8"/>
      </object_component>
      <object_component id="oc-100">
         <name>.data.debug_lap_count</name>
         <load_address>0x2020013e</load_address>
         <readwrite>true</readwrite>
         <run_address>0x2020013e</run_address>
         <size>0x1</size>
         <alignment>0x1</alignment>
         <input_file_ref idref="fl-8"/>
      </object_component>
      <object_component id="oc-bd">
         <name>.data.debug_gray</name>
         <load_address>0x2020013d</load_address>
         <readwrite>true</readwrite>
         <run_address>0x2020013d</run_address>
         <size>0x1</size>
         <alignment>0x1</alignment>
         <input_file_ref idref="fl-8"/>
      </object_component>
      <object_component id="oc-be">
         <name>.data.debug_line_hit_count</name>
         <load_address>0x20200141</load_address>
         <readwrite>true</readwrite>
         <run_address>0x20200141</run_address>
         <size>0x1</size>
         <alignment>0x1</alignment>
         <input_file_ref idref="fl-8"/>
      </object_component>
      <object_component id="oc-ec">
         <name>.data.debug_line_error</name>
         <load_address>0x20200140</load_address>
         <readwrite>true</readwrite>
         <run_address>0x20200140</run_address>
         <size>0x1</size>
         <alignment>0x1</alignment>
         <input_file_ref idref="fl-8"/>
      </object_component>
      <object_component id="oc-164">
         <name>.data.debug_line_d_error</name>
         <load_address>0x2020013f</load_address>
         <readwrite>true</readwrite>
         <run_address>0x2020013f</run_address>
         <size>0x1</size>
         <alignment>0x1</alignment>
         <input_file_ref idref="fl-8"/>
      </object_component>
      <object_component id="oc-bf">
         <name>.data.debug_left_speed</name>
         <load_address>0x20200138</load_address>
         <readwrite>true</readwrite>
         <run_address>0x20200138</run_address>
         <size>0x2</size>
         <alignment>0x2</alignment>
         <input_file_ref idref="fl-8"/>
      </object_component>
      <object_component id="oc-c0">
         <name>.data.debug_right_speed</name>
         <load_address>0x2020013a</load_address>
         <readwrite>true</readwrite>
         <run_address>0x2020013a</run_address>
         <size>0x2</size>
         <alignment>0x2</alignment>
         <input_file_ref idref="fl-8"/>
      </object_component>
      <object_component id="oc-c1">
         <name>.data.debug_left_encoder</name>
         <load_address>0x202000d0</load_address>
         <readwrite>true</readwrite>
         <run_address>0x202000d0</run_address>
         <size>0x4</size>
         <alignment>0x4</alignment>
         <input_file_ref idref="fl-8"/>
      </object_component>
      <object_component id="oc-c2">
         <name>.data.debug_right_encoder</name>
         <load_address>0x202000d8</load_address>
         <readwrite>true</readwrite>
         <run_address>0x202000d8</run_address>
         <size>0x4</size>
         <alignment>0x4</alignment>
         <input_file_ref idref="fl-8"/>
      </object_component>
      <object_component id="oc-c3">
         <name>.data.debug_avg_encoder</name>
         <load_address>0x202000cc</load_address>
         <readwrite>true</readwrite>
         <run_address>0x202000cc</run_address>
         <size>0x4</size>
         <alignment>0x4</alignment>
         <input_file_ref idref="fl-8"/>
      </object_component>
      <object_component id="oc-d8">
         <name>.data.debug_yaw</name>
         <load_address>0x202000dc</load_address>
         <readwrite>true</readwrite>
         <run_address>0x202000dc</run_address>
         <size>0x4</size>
         <alignment>0x4</alignment>
         <input_file_ref idref="fl-8"/>
      </object_component>
      <object_component id="oc-d9">
         <name>.data.debug_relative_yaw</name>
         <load_address>0x202000d4</load_address>
         <readwrite>true</readwrite>
         <run_address>0x202000d4</run_address>
         <size>0x4</size>
         <alignment>0x4</alignment>
         <input_file_ref idref="fl-8"/>
      </object_component>
      <object_component id="oc-e3">
         <name>.data.debug_align_error</name>
         <load_address>0x202000c8</load_address>
         <readwrite>true</readwrite>
         <run_address>0x202000c8</run_address>
         <size>0x4</size>
         <alignment>0x4</alignment>
         <input_file_ref idref="fl-8"/>
      </object_component>
      <object_component id="oc-bb">
         <name>.data.q1_arrive_confirm</name>
         <load_address>0x20200144</load_address>
         <readwrite>true</readwrite>
         <run_address>0x20200144</run_address>
         <size>0x1</size>
         <alignment>0x1</alignment>
         <input_file_ref idref="fl-8"/>
      </object_component>
      <object_component id="oc-cf">
         <name>.data.q2_yaw_start</name>
         <load_address>0x20200104</load_address>
         <readwrite>true</readwrite>
         <run_address>0x20200104</run_address>
         <size>0x4</size>
         <alignment>0x4</alignment>
         <input_file_ref idref="fl-8"/>
      </object_component>
      <object_component id="oc-d0">
         <name>.data.q2_start_abs_yaw</name>
         <load_address>0x202000f8</load_address>
         <readwrite>true</readwrite>
         <run_address>0x202000f8</run_address>
         <size>0x4</size>
         <alignment>0x4</alignment>
         <input_file_ref idref="fl-8"/>
      </object_component>
      <object_component id="oc-d1">
         <name>.data.q2_start_time</name>
         <load_address>0x202000fc</load_address>
         <readwrite>true</readwrite>
         <run_address>0x202000fc</run_address>
         <size>0x4</size>
         <alignment>0x4</alignment>
         <input_file_ref idref="fl-8"/>
      </object_component>
      <object_component id="oc-d2">
         <name>.data.q2_state_time</name>
         <load_address>0x20200100</load_address>
         <readwrite>true</readwrite>
         <run_address>0x20200100</run_address>
         <size>0x4</size>
         <alignment>0x4</alignment>
         <input_file_ref idref="fl-8"/>
      </object_component>
      <object_component id="oc-d3">
         <name>.data.q2_state</name>
         <load_address>0x20200149</load_address>
         <readwrite>true</readwrite>
         <run_address>0x20200149</run_address>
         <size>0x1</size>
         <alignment>0x1</alignment>
         <input_file_ref idref="fl-8"/>
      </object_component>
      <object_component id="oc-d4">
         <name>.data.q2_line_on_count</name>
         <load_address>0x20200148</load_address>
         <readwrite>true</readwrite>
         <run_address>0x20200148</run_address>
         <size>0x1</size>
         <alignment>0x1</alignment>
         <input_file_ref idref="fl-8"/>
      </object_component>
      <object_component id="oc-d5">
         <name>.data.q2_line_lost_count</name>
         <load_address>0x20200147</load_address>
         <readwrite>true</readwrite>
         <run_address>0x20200147</run_address>
         <size>0x1</size>
         <alignment>0x1</alignment>
         <input_file_ref idref="fl-8"/>
      </object_component>
      <object_component id="oc-d6">
         <name>.data.q2_last_line_error</name>
         <load_address>0x20200146</load_address>
         <readwrite>true</readwrite>
         <run_address>0x20200146</run_address>
         <size>0x1</size>
         <alignment>0x1</alignment>
         <input_file_ref idref="fl-8"/>
      </object_component>
      <object_component id="oc-d7">
         <name>.data.q2_arc_correction_last</name>
         <load_address>0x202000f0</load_address>
         <readwrite>true</readwrite>
         <run_address>0x202000f0</run_address>
         <size>0x4</size>
         <alignment>0x4</alignment>
         <input_file_ref idref="fl-8"/>
      </object_component>
      <object_component id="oc-e2">
         <name>.data.q2_c_align_target</name>
         <load_address>0x202000f4</load_address>
         <readwrite>true</readwrite>
         <run_address>0x202000f4</run_address>
         <size>0x4</size>
         <alignment>0x4</alignment>
         <input_file_ref idref="fl-8"/>
      </object_component>
      <object_component id="oc-e1">
         <name>.data.q2_d_entry_line_error</name>
         <load_address>0x20200145</load_address>
         <readwrite>true</readwrite>
         <run_address>0x20200145</run_address>
         <size>0x1</size>
         <alignment>0x1</alignment>
         <input_file_ref idref="fl-8"/>
      </object_component>
      <object_component id="oc-ed">
         <name>.data.q3_yaw_start</name>
         <load_address>0x2020011c</load_address>
         <readwrite>true</readwrite>
         <run_address>0x2020011c</run_address>
         <size>0x4</size>
         <alignment>0x4</alignment>
         <input_file_ref idref="fl-8"/>
      </object_component>
      <object_component id="oc-ee">
         <name>.data.q3_start_time</name>
         <load_address>0x20200114</load_address>
         <readwrite>true</readwrite>
         <run_address>0x20200114</run_address>
         <size>0x4</size>
         <alignment>0x4</alignment>
         <input_file_ref idref="fl-8"/>
      </object_component>
      <object_component id="oc-ef">
         <name>.data.q3_state_time</name>
         <load_address>0x20200118</load_address>
         <readwrite>true</readwrite>
         <run_address>0x20200118</run_address>
         <size>0x4</size>
         <alignment>0x4</alignment>
         <input_file_ref idref="fl-8"/>
      </object_component>
      <object_component id="oc-f0">
         <name>.data.q3_state</name>
         <load_address>0x2020014c</load_address>
         <readwrite>true</readwrite>
         <run_address>0x2020014c</run_address>
         <size>0x1</size>
         <alignment>0x1</alignment>
         <input_file_ref idref="fl-8"/>
      </object_component>
      <object_component id="oc-f1">
         <name>.data.q3_line_on_count</name>
         <load_address>0x2020014b</load_address>
         <readwrite>true</readwrite>
         <run_address>0x2020014b</run_address>
         <size>0x1</size>
         <alignment>0x1</alignment>
         <input_file_ref idref="fl-8"/>
      </object_component>
      <object_component id="oc-f2">
         <name>.data.q3_line_lost_count</name>
         <load_address>0x2020014a</load_address>
         <readwrite>true</readwrite>
         <run_address>0x2020014a</run_address>
         <size>0x1</size>
         <alignment>0x1</alignment>
         <input_file_ref idref="fl-8"/>
      </object_component>
      <object_component id="oc-f8">
         <name>.data.q3_align_target</name>
         <load_address>0x20200108</load_address>
         <readwrite>true</readwrite>
         <run_address>0x20200108</run_address>
         <size>0x4</size>
         <alignment>0x4</alignment>
         <input_file_ref idref="fl-8"/>
      </object_component>
      <object_component id="oc-f9">
         <name>.data.q3_c_entry_abs_yaw</name>
         <load_address>0x20200110</load_address>
         <readwrite>true</readwrite>
         <run_address>0x20200110</run_address>
         <size>0x4</size>
         <alignment>0x4</alignment>
         <input_file_ref idref="fl-8"/>
      </object_component>
      <object_component id="oc-fa">
         <name>.data.q3_c_align_target_abs</name>
         <load_address>0x2020010c</load_address>
         <readwrite>true</readwrite>
         <run_address>0x2020010c</run_address>
         <size>0x4</size>
         <alignment>0x4</alignment>
         <input_file_ref idref="fl-8"/>
      </object_component>
      <object_component id="oc-fb">
         <name>.data.q4_yaw_start</name>
         <load_address>0x20200130</load_address>
         <readwrite>true</readwrite>
         <run_address>0x20200130</run_address>
         <size>0x4</size>
         <alignment>0x4</alignment>
         <input_file_ref idref="fl-8"/>
      </object_component>
      <object_component id="oc-fc">
         <name>.data.q4_fixed_start_yaw</name>
         <load_address>0x20200124</load_address>
         <readwrite>true</readwrite>
         <run_address>0x20200124</run_address>
         <size>0x4</size>
         <alignment>0x4</alignment>
         <input_file_ref idref="fl-8"/>
      </object_component>
      <object_component id="oc-fd">
         <name>.data.q4_start_time</name>
         <load_address>0x20200128</load_address>
         <readwrite>true</readwrite>
         <run_address>0x20200128</run_address>
         <size>0x4</size>
         <alignment>0x4</alignment>
         <input_file_ref idref="fl-8"/>
      </object_component>
      <object_component id="oc-fe">
         <name>.data.q4_state_time</name>
         <load_address>0x2020012c</load_address>
         <readwrite>true</readwrite>
         <run_address>0x2020012c</run_address>
         <size>0x4</size>
         <alignment>0x4</alignment>
         <input_file_ref idref="fl-8"/>
      </object_component>
      <object_component id="oc-ff">
         <name>.data.q4_lap_count</name>
         <load_address>0x2020014e</load_address>
         <readwrite>true</readwrite>
         <run_address>0x2020014e</run_address>
         <size>0x1</size>
         <alignment>0x1</alignment>
         <input_file_ref idref="fl-8"/>
      </object_component>
      <object_component id="oc-101">
         <name>.data.q4_state</name>
         <load_address>0x20200152</load_address>
         <readwrite>true</readwrite>
         <run_address>0x20200152</run_address>
         <size>0x1</size>
         <alignment>0x1</alignment>
         <input_file_ref idref="fl-8"/>
      </object_component>
      <object_component id="oc-102">
         <name>.data.q4_line_on_count</name>
         <load_address>0x20200151</load_address>
         <readwrite>true</readwrite>
         <run_address>0x20200151</run_address>
         <size>0x1</size>
         <alignment>0x1</alignment>
         <input_file_ref idref="fl-8"/>
      </object_component>
      <object_component id="oc-103">
         <name>.data.q4_line_lost_count</name>
         <load_address>0x20200150</load_address>
         <readwrite>true</readwrite>
         <run_address>0x20200150</run_address>
         <size>0x1</size>
         <alignment>0x1</alignment>
         <input_file_ref idref="fl-8"/>
      </object_component>
      <object_component id="oc-104">
         <name>.data.q4_capture_center_count</name>
         <load_address>0x2020014d</load_address>
         <readwrite>true</readwrite>
         <run_address>0x2020014d</run_address>
         <size>0x1</size>
         <alignment>0x1</alignment>
         <input_file_ref idref="fl-8"/>
      </object_component>
      <object_component id="oc-105">
         <name>.data.q4_last_line_error</name>
         <load_address>0x2020014f</load_address>
         <readwrite>true</readwrite>
         <run_address>0x2020014f</run_address>
         <size>0x1</size>
         <alignment>0x1</alignment>
         <input_file_ref idref="fl-8"/>
      </object_component>
      <object_component id="oc-106">
         <name>.data.q4_arc_correction_last</name>
         <load_address>0x20200120</load_address>
         <readwrite>true</readwrite>
         <run_address>0x20200120</run_address>
         <size>0x4</size>
         <alignment>0x4</alignment>
         <input_file_ref idref="fl-8"/>
      </object_component>
      <object_component id="oc-151">
         <name>.bss.Parse_Byte.frame</name>
         <uninitialized>true</uninitialized>
         <readwrite>true</readwrite>
         <run_address>0x202000bc</run_address>
         <size>0xb</size>
         <alignment>0x1</alignment>
         <input_file_ref idref="fl-3"/>
      </object_component>
      <object_component id="oc-133">
         <name>.common:gPWM_0Backup</name>
         <uninitialized>true</uninitialized>
         <readwrite>true</readwrite>
         <run_address>0x20200000</run_address>
         <size>0xbc</size>
         <alignment>0x4</alignment>
      </object_component>
      <object_component id="oc-1a">
         <name>.stack</name>
         <uninitialized>true</uninitialized>
         <readwrite>true</readwrite>
         <run_address>0x20207e00</run_address>
         <size>0x4</size>
         <alignment>0x4</alignment>
         <input_file_ref idref="fl-31"/>
      </object_component>
      <object_component id="oc-1eb">
         <name>.stack</name>
         <uninitialized>true</uninitialized>
         <readwrite>true</readwrite>
         <run_address>0x20207e00</run_address>
         <size>0x0</size>
         <alignment>0x8</alignment>
      </object_component>
      <object_component id="oc-142">
         <name>.debug_abbrev</name>
         <load_address>0x0</load_address>
         <run_address>0x0</run_address>
         <size>0x114</size>
         <alignment>0x1</alignment>
         <input_file_ref idref="fl-1"/>
      </object_component>
      <object_component id="oc-66">
         <name>.debug_abbrev</name>
         <load_address>0x114</load_address>
         <run_address>0x114</run_address>
         <size>0x18e</size>
         <alignment>0x1</alignment>
         <input_file_ref idref="fl-2"/>
      </object_component>
      <object_component id="oc-147">
         <name>.debug_abbrev</name>
         <load_address>0x2a2</load_address>
         <run_address>0x2a2</run_address>
         <size>0x1c8</size>
         <alignment>0x1</alignment>
         <input_file_ref idref="fl-3"/>
      </object_component>
      <object_component id="oc-149">
         <name>.debug_abbrev</name>
         <load_address>0x46a</load_address>
         <run_address>0x46a</run_address>
         <size>0x158</size>
         <alignment>0x1</alignment>
         <input_file_ref idref="fl-4"/>
      </object_component>
      <object_component id="oc-140">
         <name>.debug_abbrev</name>
         <load_address>0x5c2</load_address>
         <run_address>0x5c2</run_address>
         <size>0x106</size>
         <alignment>0x1</alignment>
         <input_file_ref idref="fl-5"/>
      </object_component>
      <object_component id="oc-13e">
         <name>.debug_abbrev</name>
         <load_address>0x6c8</load_address>
         <run_address>0x6c8</run_address>
         <size>0x182</size>
         <alignment>0x1</alignment>
         <input_file_ref idref="fl-6"/>
      </object_component>
      <object_component id="oc-136">
         <name>.debug_abbrev</name>
         <load_address>0x84a</load_address>
         <run_address>0x84a</run_address>
         <size>0x15e</size>
         <alignment>0x1</alignment>
         <input_file_ref idref="fl-7"/>
      </object_component>
      <object_component id="oc-61">
         <name>.debug_abbrev</name>
         <load_address>0x9a8</load_address>
         <run_address>0x9a8</run_address>
         <size>0x34e</size>
         <alignment>0x1</alignment>
         <input_file_ref idref="fl-8"/>
      </object_component>
      <object_component id="oc-134">
         <name>.debug_abbrev</name>
         <load_address>0xcf6</load_address>
         <run_address>0xcf6</run_address>
         <size>0x21b</size>
         <alignment>0x1</alignment>
         <input_file_ref idref="fl-9"/>
      </object_component>
      <object_component id="oc-3e">
         <name>.debug_abbrev</name>
         <load_address>0xf11</load_address>
         <run_address>0xf11</run_address>
         <size>0x6d</size>
         <alignment>0x1</alignment>
         <input_file_ref idref="fl-a"/>
      </object_component>
      <object_component id="oc-1a2">
         <name>.debug_abbrev</name>
         <load_address>0xf7e</load_address>
         <run_address>0xf7e</run_address>
         <size>0x62</size>
         <alignment>0x1</alignment>
         <input_file_ref idref="fl-18"/>
      </object_component>
      <object_component id="oc-18f">
         <name>.debug_abbrev</name>
         <load_address>0xfe0</load_address>
         <run_address>0xfe0</run_address>
         <size>0x286</size>
         <alignment>0x1</alignment>
         <input_file_ref idref="fl-19"/>
      </object_component>
      <object_component id="oc-1a5">
         <name>.debug_abbrev</name>
         <load_address>0x1266</load_address>
         <run_address>0x1266</run_address>
         <size>0x29b</size>
         <alignment>0x1</alignment>
         <input_file_ref idref="fl-1a"/>
      </object_component>
      <object_component id="oc-40">
         <name>.debug_abbrev</name>
         <load_address>0x1501</load_address>
         <run_address>0x1501</run_address>
         <size>0xaf</size>
         <alignment>0x1</alignment>
         <input_file_ref idref="fl-31"/>
      </object_component>
      <object_component id="oc-175">
         <name>.debug_abbrev</name>
         <load_address>0x15b0</load_address>
         <run_address>0x15b0</run_address>
         <size>0x170</size>
         <alignment>0x1</alignment>
         <input_file_ref idref="fl-33"/>
      </object_component>
      <object_component id="oc-88">
         <name>.debug_abbrev</name>
         <load_address>0x1720</load_address>
         <run_address>0x1720</run_address>
         <size>0x39</size>
         <alignment>0x1</alignment>
         <input_file_ref idref="fl-34"/>
      </object_component>
      <object_component id="oc-6a">
         <name>.debug_abbrev</name>
         <load_address>0x1759</load_address>
         <run_address>0x1759</run_address>
         <size>0xc2</size>
         <alignment>0x1</alignment>
         <input_file_ref idref="fl-36"/>
      </object_component>
      <object_component id="oc-4d">
         <name>.debug_abbrev</name>
         <load_address>0x181b</load_address>
         <run_address>0x181b</run_address>
         <size>0x70</size>
         <alignment>0x1</alignment>
         <input_file_ref idref="fl-37"/>
      </object_component>
      <object_component id="oc-45">
         <name>.debug_abbrev</name>
         <load_address>0x188b</load_address>
         <run_address>0x188b</run_address>
         <size>0x8d</size>
         <alignment>0x1</alignment>
         <input_file_ref idref="fl-38"/>
      </object_component>
      <object_component id="oc-16f">
         <name>.debug_abbrev</name>
         <load_address>0x1918</load_address>
         <run_address>0x1918</run_address>
         <size>0x98</size>
         <alignment>0x1</alignment>
         <input_file_ref idref="fl-39"/>
      </object_component>
      <object_component id="oc-197">
         <name>.debug_abbrev</name>
         <load_address>0x19b0</load_address>
         <run_address>0x19b0</run_address>
         <size>0x2c</size>
         <alignment>0x1</alignment>
         <input_file_ref idref="fl-db"/>
      </object_component>
      <object_component id="oc-156">
         <name>.debug_abbrev</name>
         <load_address>0x19dc</load_address>
         <run_address>0x19dc</run_address>
         <size>0x27</size>
         <alignment>0x1</alignment>
         <input_file_ref idref="fl-dc"/>
      </object_component>
      <object_component id="oc-169">
         <name>.debug_abbrev</name>
         <load_address>0x1a03</load_address>
         <run_address>0x1a03</run_address>
         <size>0x27</size>
         <alignment>0x1</alignment>
         <input_file_ref idref="fl-dd"/>
      </object_component>
      <object_component id="oc-16a">
         <name>.debug_abbrev</name>
         <load_address>0x1a2a</load_address>
         <run_address>0x1a2a</run_address>
         <size>0x27</size>
         <alignment>0x1</alignment>
         <input_file_ref idref="fl-de"/>
      </object_component>
      <object_component id="oc-191">
         <name>.debug_abbrev</name>
         <load_address>0x1a51</load_address>
         <run_address>0x1a51</run_address>
         <size>0x27</size>
         <alignment>0x1</alignment>
         <input_file_ref idref="fl-df"/>
      </object_component>
      <object_component id="oc-15d">
         <name>.debug_abbrev</name>
         <load_address>0x1a78</load_address>
         <run_address>0x1a78</run_address>
         <size>0x27</size>
         <alignment>0x1</alignment>
         <input_file_ref idref="fl-e0"/>
      </object_component>
      <object_component id="oc-163">
         <name>.debug_abbrev</name>
         <load_address>0x1a9f</load_address>
         <run_address>0x1a9f</run_address>
         <size>0x27</size>
         <alignment>0x1</alignment>
         <input_file_ref idref="fl-e1"/>
      </object_component>
      <object_component id="oc-69">
         <name>.debug_abbrev</name>
         <load_address>0x1ac6</load_address>
         <run_address>0x1ac6</run_address>
         <size>0x27</size>
         <alignment>0x1</alignment>
         <input_file_ref idref="fl-e2"/>
      </object_component>
      <object_component id="oc-192">
         <name>.debug_abbrev</name>
         <load_address>0x1aed</load_address>
         <run_address>0x1aed</run_address>
         <size>0x25</size>
         <alignment>0x1</alignment>
         <input_file_ref idref="fl-e5"/>
      </object_component>
      <object_component id="oc-196">
         <name>.debug_abbrev</name>
         <load_address>0x1b12</load_address>
         <run_address>0x1b12</run_address>
         <size>0x27</size>
         <alignment>0x1</alignment>
         <input_file_ref idref="fl-e6"/>
      </object_component>
      <object_component id="oc-193">
         <name>.debug_abbrev</name>
         <load_address>0x1b39</load_address>
         <run_address>0x1b39</run_address>
         <size>0x59</size>
         <alignment>0x1</alignment>
         <input_file_ref idref="fl-e7"/>
      </object_component>
      <object_component id="oc-126">
         <name>.debug_abbrev</name>
         <load_address>0x1b92</load_address>
         <run_address>0x1b92</run_address>
         <size>0x25</size>
         <alignment>0x1</alignment>
         <input_file_ref idref="fl-e8"/>
      </object_component>
      <object_component id="oc-1ed">
         <name>.debug_abbrev</name>
         <load_address>0x1bb7</load_address>
         <run_address>0x1bb7</run_address>
         <size>0xf</size>
         <alignment>0x0</alignment>
      </object_component>
      <object_component id="oc-9f">
         <name>.debug_info</name>
         <load_address>0x0</load_address>
         <run_address>0x0</run_address>
         <size>0x88b</size>
         <alignment>0x1</alignment>
         <input_file_ref idref="fl-1"/>
      </object_component>
      <object_component id="oc-3a">
         <name>.debug_info</name>
         <load_address>0x88b</load_address>
         <run_address>0x88b</run_address>
         <size>0xa79</size>
         <alignment>0x1</alignment>
         <input_file_ref idref="fl-2"/>
      </object_component>
      <object_component id="oc-a7">
         <name>.debug_info</name>
         <load_address>0x1304</load_address>
         <run_address>0x1304</run_address>
         <size>0x79f</size>
         <alignment>0x1</alignment>
         <input_file_ref idref="fl-3"/>
      </object_component>
      <object_component id="oc-aa">
         <name>.debug_info</name>
         <load_address>0x1aa3</load_address>
         <run_address>0x1aa3</run_address>
         <size>0x9dd</size>
         <alignment>0x1</alignment>
         <input_file_ref idref="fl-4"/>
      </object_component>
      <object_component id="oc-9c">
         <name>.debug_info</name>
         <load_address>0x2480</load_address>
         <run_address>0x2480</run_address>
         <size>0x800</size>
         <alignment>0x1</alignment>
         <input_file_ref idref="fl-5"/>
      </object_component>
      <object_component id="oc-98">
         <name>.debug_info</name>
         <load_address>0x2c80</load_address>
         <run_address>0x2c80</run_address>
         <size>0x10d2</size>
         <alignment>0x1</alignment>
         <input_file_ref idref="fl-6"/>
      </object_component>
      <object_component id="oc-91">
         <name>.debug_info</name>
         <load_address>0x3d52</load_address>
         <run_address>0x3d52</run_address>
         <size>0xc87</size>
         <alignment>0x1</alignment>
         <input_file_ref idref="fl-7"/>
      </object_component>
      <object_component id="oc-35">
         <name>.debug_info</name>
         <load_address>0x49d9</load_address>
         <run_address>0x49d9</run_address>
         <size>0x43ca</size>
         <alignment>0x1</alignment>
         <input_file_ref idref="fl-8"/>
      </object_component>
      <object_component id="oc-8c">
         <name>.debug_info</name>
         <load_address>0x8da3</load_address>
         <run_address>0x8da3</run_address>
         <size>0x2e3c</size>
         <alignment>0x1</alignment>
         <input_file_ref idref="fl-9"/>
      </object_component>
      <object_component id="oc-19">
         <name>.debug_info</name>
         <load_address>0xbbdf</load_address>
         <run_address>0xbbdf</run_address>
         <size>0x80</size>
         <alignment>0x1</alignment>
         <input_file_ref idref="fl-a"/>
      </object_component>
      <object_component id="oc-17d">
         <name>.debug_info</name>
         <load_address>0xbc5f</load_address>
         <run_address>0xbc5f</run_address>
         <size>0x75</size>
         <alignment>0x1</alignment>
         <input_file_ref idref="fl-18"/>
      </object_component>
      <object_component id="oc-13a">
         <name>.debug_info</name>
         <load_address>0xbcd4</load_address>
         <run_address>0xbcd4</run_address>
         <size>0x32ed</size>
         <alignment>0x1</alignment>
         <input_file_ref idref="fl-19"/>
      </object_component>
      <object_component id="oc-18b">
         <name>.debug_info</name>
         <load_address>0xefc1</load_address>
         <run_address>0xefc1</run_address>
         <size>0x12cf</size>
         <alignment>0x1</alignment>
         <input_file_ref idref="fl-1a"/>
      </object_component>
      <object_component id="oc-1b">
         <name>.debug_info</name>
         <load_address>0x10290</load_address>
         <run_address>0x10290</run_address>
         <size>0x423</size>
         <alignment>0x1</alignment>
         <input_file_ref idref="fl-31"/>
      </object_component>
      <object_component id="oc-117">
         <name>.debug_info</name>
         <load_address>0x106b3</load_address>
         <run_address>0x106b3</run_address>
         <size>0x744</size>
         <alignment>0x1</alignment>
         <input_file_ref idref="fl-33"/>
      </object_component>
      <object_component id="oc-72">
         <name>.debug_info</name>
         <load_address>0x10df7</load_address>
         <run_address>0x10df7</run_address>
         <size>0x46</size>
         <alignment>0x1</alignment>
         <input_file_ref idref="fl-34"/>
      </object_component>
      <object_component id="oc-52">
         <name>.debug_info</name>
         <load_address>0x10e3d</load_address>
         <run_address>0x10e3d</run_address>
         <size>0x192</size>
         <alignment>0x1</alignment>
         <input_file_ref idref="fl-36"/>
      </object_component>
      <object_component id="oc-23">
         <name>.debug_info</name>
         <load_address>0x10fcf</load_address>
         <run_address>0x10fcf</run_address>
         <size>0xc6</size>
         <alignment>0x1</alignment>
         <input_file_ref idref="fl-37"/>
      </object_component>
      <object_component id="oc-1e">
         <name>.debug_info</name>
         <load_address>0x11095</load_address>
         <run_address>0x11095</run_address>
         <size>0x17c</size>
         <alignment>0x1</alignment>
         <input_file_ref idref="fl-38"/>
      </object_component>
      <object_component id="oc-110">
         <name>.debug_info</name>
         <load_address>0x11211</load_address>
         <run_address>0x11211</run_address>
         <size>0xf8</size>
         <alignment>0x1</alignment>
         <input_file_ref idref="fl-39"/>
      </object_component>
      <object_component id="oc-16c">
         <name>.debug_info</name>
         <load_address>0x11309</load_address>
         <run_address>0x11309</run_address>
         <size>0x3b</size>
         <alignment>0x1</alignment>
         <input_file_ref idref="fl-db"/>
      </object_component>
      <object_component id="oc-c9">
         <name>.debug_info</name>
         <load_address>0x11344</load_address>
         <run_address>0x11344</run_address>
         <size>0x199</size>
         <alignment>0x1</alignment>
         <input_file_ref idref="fl-dc"/>
      </object_component>
      <object_component id="oc-e7">
         <name>.debug_info</name>
         <load_address>0x114dd</load_address>
         <run_address>0x114dd</run_address>
[...]
      </symbol>
      <symbol id="sm-81">
         <name>JY901S_GetYaw</name>
         <value>0x3fad</value>
         <object_component_ref idref="oc-c5"/>
      </symbol>
      <symbol id="sm-91">
         <name>Key_Init</name>
         <value>0x3a87</value>
         <object_component_ref idref="oc-a9"/>
      </symbol>
      <symbol id="sm-92">
         <name>Key1_Read</name>
         <value>0x3ec1</value>
         <object_component_ref idref="oc-b8"/>
      </symbol>
      <symbol id="sm-93">
         <name>Key3_Read</name>
         <value>0x3f39</value>
         <object_component_ref idref="oc-b9"/>
      </symbol>
      <symbol id="sm-a3">
         <name>LED_Init</name>
         <value>0x3f49</value>
         <object_component_ref idref="oc-99"/>
      </symbol>
      <symbol id="sm-a4">
         <name>LED_Off</name>
         <value>0x3f59</value>
         <object_component_ref idref="oc-154"/>
      </symbol>
      <symbol id="sm-a5">
         <name>LED_On</name>
         <value>0x3f69</value>
         <object_component_ref idref="oc-152"/>
      </symbol>
      <symbol id="sm-b6">
         <name>Motor_Init</name>
         <value>0x3b79</value>
         <object_component_ref idref="oc-94"/>
      </symbol>
      <symbol id="sm-b7">
         <name>Motor_Stop</name>
         <value>0x3d6d</value>
         <object_component_ref idref="oc-af"/>
      </symbol>
      <symbol id="sm-b8">
         <name>Motor_SetSpeed</name>
         <value>0x3add</value>
         <object_component_ref idref="oc-b4"/>
      </symbol>
      <symbol id="sm-c5">
         <name>Gray_Init</name>
         <value>0x39cf</value>
         <object_component_ref idref="oc-8f"/>
      </symbol>
      <symbol id="sm-c6">
         <name>Gray_Read_All</name>
         <value>0x3a89</value>
         <object_component_ref idref="oc-b0"/>
      </symbol>
      <symbol id="sm-166">
         <name>SysTick_Handler</name>
         <value>0x3f79</value>
         <object_component_ref idref="oc-34"/>
      </symbol>
      <symbol id="sm-167">
         <name>main</name>
         <value>0xc1</value>
         <object_component_ref idref="oc-75"/>
      </symbol>
      <symbol id="sm-168">
         <name>debug_state</name>
         <value>0x20200142</value>
         <object_component_ref idref="oc-bc"/>
      </symbol>
      <symbol id="sm-169">
         <name>debug_gray</name>
         <value>0x2020013d</value>
         <object_component_ref idref="oc-bd"/>
      </symbol>
      <symbol id="sm-16a">
         <name>debug_line_hit_count</name>
         <value>0x20200141</value>
         <object_component_ref idref="oc-be"/>
      </symbol>
      <symbol id="sm-16b">
         <name>debug_left_speed</name>
         <value>0x20200138</value>
         <object_component_ref idref="oc-bf"/>
      </symbol>
      <symbol id="sm-16c">
         <name>debug_right_speed</name>
         <value>0x2020013a</value>
         <object_component_ref idref="oc-c0"/>
      </symbol>
      <symbol id="sm-16d">
         <name>debug_left_encoder</name>
         <value>0x202000d0</value>
         <object_component_ref idref="oc-c1"/>
      </symbol>
      <symbol id="sm-16e">
         <name>debug_right_encoder</name>
         <value>0x202000d8</value>
         <object_component_ref idref="oc-c2"/>
      </symbol>
      <symbol id="sm-16f">
         <name>debug_avg_encoder</name>
         <value>0x202000cc</value>
         <object_component_ref idref="oc-c3"/>
      </symbol>
      <symbol id="sm-170">
         <name>debug_yaw</name>
         <value>0x202000dc</value>
         <object_component_ref idref="oc-d8"/>
      </symbol>
      <symbol id="sm-171">
         <name>debug_relative_yaw</name>
         <value>0x202000d4</value>
         <object_component_ref idref="oc-d9"/>
      </symbol>
      <symbol id="sm-172">
         <name>debug_align_error</name>
         <value>0x202000c8</value>
         <object_component_ref idref="oc-e3"/>
      </symbol>
      <symbol id="sm-173">
         <name>debug_line_error</name>
         <value>0x20200140</value>
         <object_component_ref idref="oc-ec"/>
      </symbol>
      <symbol id="sm-174">
         <name>debug_lap_count</name>
         <value>0x2020013e</value>
         <object_component_ref idref="oc-100"/>
      </symbol>
      <symbol id="sm-175">
         <name>debug_line_d_error</name>
         <value>0x2020013f</value>
         <object_component_ref idref="oc-164"/>
      </symbol>
      <symbol id="sm-197">
         <name>SYSCFG_DL_init</name>
         <value>0x3e05</value>
         <object_component_ref idref="oc-8a"/>
      </symbol>
      <symbol id="sm-198">
         <name>SYSCFG_DL_initPower</name>
         <value>0x3c01</value>
         <object_component_ref idref="oc-12d"/>
      </symbol>
      <symbol id="sm-199">
         <name>SYSCFG_DL_GPIO_init</name>
         <value>0x319d</value>
         <object_component_ref idref="oc-12e"/>
      </symbol>
      <symbol id="sm-19a">
         <name>SYSCFG_DL_SYSCTL_init</name>
         <value>0x3bc1</value>
         <object_component_ref idref="oc-12f"/>
      </symbol>
      <symbol id="sm-19b">
         <name>SYSCFG_DL_PWM_0_init</name>
         <value>0x34d5</value>
         <object_component_ref idref="oc-131"/>
      </symbol>
      <symbol id="sm-19c">
         <name>SYSCFG_DL_UART_2_init</name>
         <value>0x39d1</value>
         <object_component_ref idref="oc-132"/>
      </symbol>
      <symbol id="sm-19d">
         <name>gPWM_0Backup</name>
         <value>0x20200000</value>
      </symbol>
      <symbol id="sm-1a8">
         <name>Default_Handler</name>
         <value>0x34d3</value>
         <object_component_ref idref="oc-33"/>
      </symbol>
      <symbol id="sm-1a9">
         <name>Reset_Handler</name>
         <value>0x3fe3</value>
         <object_component_ref idref="oc-2f"/>
      </symbol>
      <symbol id="sm-1aa">
         <name>interruptVectors</name>
         <value>0x0</value>
         <object_component_ref idref="oc-18"/>
      </symbol>
      <symbol id="sm-1ab">
         <name>NMI_Handler</name>
         <value>0x34d3</value>
         <object_component_ref idref="oc-33"/>
      </symbol>
      <symbol id="sm-1ac">
         <name>HardFault_Handler</name>
         <value>0x34d3</value>
         <object_component_ref idref="oc-33"/>
      </symbol>
      <symbol id="sm-1ad">
         <name>SVC_Handler</name>
         <value>0x34d3</value>
         <object_component_ref idref="oc-33"/>
      </symbol>
      <symbol id="sm-1ae">
         <name>PendSV_Handler</name>
         <value>0x34d3</value>
         <object_component_ref idref="oc-33"/>
      </symbol>
      <symbol id="sm-1af">
         <name>GROUP0_IRQHandler</name>
         <value>0x34d3</value>
         <object_component_ref idref="oc-33"/>
      </symbol>
      <symbol id="sm-1b0">
         <name>TIMG8_IRQHandler</name>
         <value>0x34d3</value>
         <object_component_ref idref="oc-33"/>
      </symbol>
      <symbol id="sm-1b1">
         <name>UART3_IRQHandler</name>
         <value>0x34d3</value>
         <object_component_ref idref="oc-33"/>
      </symbol>
      <symbol id="sm-1b2">
         <name>ADC0_IRQHandler</name>
         <value>0x34d3</value>
         <object_component_ref idref="oc-33"/>
      </symbol>
      <symbol id="sm-1b3">
         <name>ADC1_IRQHandler</name>
         <value>0x34d3</value>
         <object_component_ref idref="oc-33"/>
      </symbol>
      <symbol id="sm-1b4">
         <name>CANFD0_IRQHandler</name>
         <value>0x34d3</value>
         <object_component_ref idref="oc-33"/>
      </symbol>
      <symbol id="sm-1b5">
         <name>DAC0_IRQHandler</name>
         <value>0x34d3</value>
         <object_component_ref idref="oc-33"/>
      </symbol>
      <symbol id="sm-1b6">
         <name>SPI0_IRQHandler</name>
         <value>0x34d3</value>
         <object_component_ref idref="oc-33"/>
      </symbol>
      <symbol id="sm-1b7">
         <name>SPI1_IRQHandler</name>
         <value>0x34d3</value>
         <object_component_ref idref="oc-33"/>
      </symbol>
      <symbol id="sm-1b8">
         <name>UART1_IRQHandler</name>
         <value>0x34d3</value>
         <object_component_ref idref="oc-33"/>
      </symbol>
      <symbol id="sm-1b9">
         <name>UART2_IRQHandler</name>
         <value>0x34d3</value>
         <object_component_ref idref="oc-33"/>
      </symbol>
      <symbol id="sm-1ba">
         <name>UART0_IRQHandler</name>
         <value>0x34d3</value>
         <object_component_ref idref="oc-33"/>
      </symbol>
      <symbol id="sm-1bb">
         <name>TIMG0_IRQHandler</name>
         <value>0x34d3</value>
         <object_component_ref idref="oc-33"/>
      </symbol>
      <symbol id="sm-1bc">
         <name>TIMG6_IRQHandler</name>
         <value>0x34d3</value>
         <object_component_ref idref="oc-33"/>
      </symbol>
      <symbol id="sm-1bd">
         <name>TIMA0_IRQHandler</name>
         <value>0x34d3</value>
         <object_component_ref idref="oc-33"/>
      </symbol>
      <symbol id="sm-1be">
         <name>TIMA1_IRQHandler</name>
         <value>0x34d3</value>
         <object_component_ref idref="oc-33"/>
      </symbol>
      <symbol id="sm-1bf">
         <name>TIMG7_IRQHandler</name>
         <value>0x34d3</value>
         <object_component_ref idref="oc-33"/>
      </symbol>
      <symbol id="sm-1c0">
         <name>TIMG12_IRQHandler</name>
         <value>0x34d3</value>
         <object_component_ref idref="oc-33"/>
      </symbol>
      <symbol id="sm-1c1">
         <name>I2C0_IRQHandler</name>
         <value>0x34d3</value>
         <object_component_ref idref="oc-33"/>
      </symbol>
      <symbol id="sm-1c2">
         <name>I2C1_IRQHandler</name>
         <value>0x34d3</value>
         <object_component_ref idref="oc-33"/>
      </symbol>
      <symbol id="sm-1c3">
         <name>AES_IRQHandler</name>
         <value>0x34d3</value>
         <object_component_ref idref="oc-33"/>
      </symbol>
      <symbol id="sm-1c4">
         <name>RTC_IRQHandler</name>
         <value>0x34d3</value>
         <object_component_ref idref="oc-33"/>
      </symbol>
      <symbol id="sm-1c5">
         <name>DMA_IRQHandler</name>
         <value>0x34d3</value>
         <object_component_ref idref="oc-33"/>
      </symbol>
      <symbol id="sm-1c6">
         <name>__TI_ATRegion0_src_addr</name>
         <value>0x0</value>
      </symbol>
      <symbol id="sm-1c7">
         <name>__TI_ATRegion0_trg_addr</name>
         <value>0x0</value>
      </symbol>
      <symbol id="sm-1c8">
         <name>__TI_ATRegion0_region_sz</name>
         <value>0x0</value>
      </symbol>
      <symbol id="sm-1c9">
         <name>__TI_ATRegion1_src_addr</name>
         <value>0x0</value>
      </symbol>
      <symbol id="sm-1ca">
         <name>__TI_ATRegion1_trg_addr</name>
         <value>0x0</value>
      </symbol>
      <symbol id="sm-1cb">
         <name>__TI_ATRegion1_region_sz</name>
         <value>0x0</value>
      </symbol>
      <symbol id="sm-1cc">
         <name>__TI_ATRegion2_src_addr</name>
         <value>0x0</value>
      </symbol>
      <symbol id="sm-1cd">
         <name>__TI_ATRegion2_trg_addr</name>
         <value>0x0</value>
      </symbol>
      <symbol id="sm-1ce">
         <name>__TI_ATRegion2_region_sz</name>
         <value>0x0</value>
      </symbol>
      <symbol id="sm-1d7">
         <name>DL_Common_delayCycles</name>
         <value>0x3fc5</value>
         <object_component_ref idref="oc-17c"/>
      </symbol>
      <symbol id="sm-1ee">
         <name>DL_Timer_setClockConfig</name>
         <value>0x3e45</value>
         <object_component_ref idref="oc-180"/>
      </symbol>
      <symbol id="sm-1ef">
         <name>DL_Timer_setCaptureCompareValue</name>
         <value>0x3f29</value>
         <object_component_ref idref="oc-138"/>
      </symbol>
      <symbol id="sm-1f0">
         <name>DL_Timer_setCaptCompUpdateMethod</name>
         <value>0x3e29</value>
         <object_component_ref idref="oc-183"/>
      </symbol>
      <symbol id="sm-1f1">
         <name>DL_Timer_setCaptureCompareOutCtl</name>
         <value>0x3e7d</value>
         <object_component_ref idref="oc-182"/>
      </symbol>
      <symbol id="sm-1f2">
         <name>DL_Timer_initFourCCPWMMode</name>
         <value>0x3099</value>
         <object_component_ref idref="oc-181"/>
      </symbol>
      <symbol id="sm-1ff">
         <name>DL_UART_init</name>
         <value>0x3b31</value>
         <object_component_ref idref="oc-18c"/>
      </symbol>
      <symbol id="sm-200">
         <name>DL_UART_setClockConfig</name>
         <value>0x3ed5</value>
         <object_component_ref idref="oc-186"/>
      </symbol>
      <symbol id="sm-20b">
         <name>_c_int00_noargs</name>
         <value>0x3ddd</value>
         <object_component_ref idref="oc-59"/>
      </symbol>
      <symbol id="sm-20c">
         <name>__stack</name>
         <value>0x20207e00</value>
         <object_component_ref idref="oc-1a"/>
      </symbol>
      <symbol id="sm-218">
         <name>__TI_auto_init_nobinit_nopinit</name>
         <value>0x3cb9</value>
         <object_component_ref idref="oc-114"/>
      </symbol>
      <symbol id="sm-220">
         <name>_system_pre_init</name>
         <value>0x3fe7</value>
         <object_component_ref idref="oc-71"/>
      </symbol>
      <symbol id="sm-22b">
         <name>__TI_zero_init_nomemset</name>
         <value>0x3e95</value>
         <object_component_ref idref="oc-50"/>
      </symbol>
      <symbol id="sm-234">
         <name>__TI_decompress_none</name>
         <value>0x3ee7</value>
         <object_component_ref idref="oc-20"/>
      </symbol>
      <symbol id="sm-23f">
         <name>__TI_decompress_lzss</name>
         <value>0x3889</value>
         <object_component_ref idref="oc-1c"/>
      </symbol>
      <symbol id="sm-249">
         <name>abort</name>
         <value>0x3fd9</value>
         <object_component_ref idref="oc-10d"/>
      </symbol>
      <symbol id="sm-253">
         <name>HOSTexit</name>
         <value>0x3fdf</value>
         <object_component_ref idref="oc-16b"/>
      </symbol>
      <symbol id="sm-254">
         <name>C$$EXIT</name>
         <value>0x3fde</value>
         <object_component_ref idref="oc-16b"/>
      </symbol>
      <symbol id="sm-25a">
         <name>__aeabi_fadd</name>
         <value>0x329f</value>
         <object_component_ref idref="oc-c6"/>
      </symbol>
      <symbol id="sm-25b">
         <name>__addsf3</name>
         <value>0x329f</value>
         <object_component_ref idref="oc-c6"/>
      </symbol>
      <symbol id="sm-25c">
         <name>__aeabi_fsub</name>
         <value>0x3295</value>
         <object_component_ref idref="oc-c6"/>
      </symbol>
      <symbol id="sm-25d">
         <name>__subsf3</name>
         <value>0x3295</value>
         <object_component_ref idref="oc-c6"/>
      </symbol>
      <symbol id="sm-263">
         <name>__aeabi_fmul</name>
         <value>0x3565</value>
         <object_component_ref idref="oc-e4"/>
      </symbol>
      <symbol id="sm-264">
         <name>__mulsf3</name>
         <value>0x3565</value>
         <object_component_ref idref="oc-e4"/>
      </symbol>
      <symbol id="sm-26a">
         <name>__aeabi_f2iz</name>
         <value>0x3da5</value>
         <object_component_ref idref="oc-e8"/>
      </symbol>
      <symbol id="sm-26b">
         <name>__fixsfsi</name>
         <value>0x3da5</value>
         <object_component_ref idref="oc-e8"/>
      </symbol>
      <symbol id="sm-271">
         <name>__aeabi_i2f</name>
         <value>0x3c41</value>
         <object_component_ref idref="oc-14c"/>
      </symbol>
      <symbol id="sm-272">
         <name>__floatsisf</name>
         <value>0x3c41</value>
         <object_component_ref idref="oc-14c"/>
      </symbol>
      <symbol id="sm-278">
         <name>__aeabi_fcmpeq</name>
         <value>0x396d</value>
         <object_component_ref idref="oc-ca"/>
      </symbol>
      <symbol id="sm-279">
         <name>__aeabi_fcmplt</name>
         <value>0x3981</value>
         <object_component_ref idref="oc-ca"/>
      </symbol>
      <symbol id="sm-27a">
         <name>__aeabi_fcmple</name>
         <value>0x3995</value>
         <object_component_ref idref="oc-ca"/>
      </symbol>
      <symbol id="sm-27b">
         <name>__aeabi_fcmpge</name>
         <value>0x39a9</value>
         <object_component_ref idref="oc-ca"/>
      </symbol>
      <symbol id="sm-27c">
         <name>__aeabi_fcmpgt</name>
         <value>0x39bd</value>
         <object_component_ref idref="oc-ca"/>
      </symbol>
      <symbol id="sm-282">
         <name>__aeabi_idiv</name>
         <value>0x3a31</value>
         <object_component_ref idref="oc-db"/>
      </symbol>
      <symbol id="sm-283">
         <name>__aeabi_idivmod</name>
         <value>0x3a31</value>
         <object_component_ref idref="oc-db"/>
      </symbol>
      <symbol id="sm-289">
         <name>__aeabi_memcpy</name>
         <value>0x3fd1</value>
         <object_component_ref idref="oc-49"/>
      </symbol>
      <symbol id="sm-28a">
         <name>__aeabi_memcpy4</name>
         <value>0x3fd1</value>
         <object_component_ref idref="oc-49"/>
      </symbol>
      <symbol id="sm-28b">
         <name>__aeabi_memcpy8</name>
         <value>0x3fd1</value>
         <object_component_ref idref="oc-49"/>
      </symbol>
      <symbol id="sm-294">
         <name>__eqsf2</name>
         <value>0x3cf5</value>
         <object_component_ref idref="oc-157"/>
      </symbol>
      <symbol id="sm-295">
         <name>__lesf2</name>
         <value>0x3cf5</value>
         <object_component_ref idref="oc-157"/>
      </symbol>
      <symbol id="sm-296">
         <name>__ltsf2</name>
         <value>0x3cf5</value>
         <object_component_ref idref="oc-157"/>
      </symbol>
      <symbol id="sm-297">
         <name>__nesf2</name>
         <value>0x3cf5</value>
         <object_component_ref idref="oc-157"/>
      </symbol>
      <symbol id="sm-298">
         <name>__cmpsf2</name>
         <value>0x3cf5</value>
         <object_component_ref idref="oc-157"/>
      </symbol>
      <symbol id="sm-299">
         <name>__gtsf2</name>
         <value>0x3c7d</value>
         <object_component_ref idref="oc-15c"/>
      </symbol>
      <symbol id="sm-29a">
         <name>__gesf2</name>
         <value>0x3c7d</value>
         <object_component_ref idref="oc-15c"/>
      </symbol>
      <symbol id="sm-2a0">
         <name>__muldsi3</name>
         <value>0x3d31</value>
         <object_component_ref idref="oc-165"/>
      </symbol>
      <symbol id="sm-2aa">
         <name>__aeabi_idiv0</name>
         <value>0x3d2f</value>
         <object_component_ref idref="oc-15e"/>
      </symbol>
      <symbol id="sm-2c3">
         <name>memcpy</name>
         <value>0x3439</value>
         <object_component_ref idref="oc-85"/>
      </symbol>
      <symbol id="sm-2c4">
         <name>__TI_static_base__</name>
         <value>0x0</value>
      </symbol>
      <symbol id="sm-2c7">
         <name>__mpu_init</name>
         <value>0x0</value>
      </symbol>
      <symbol id="sm-2c8">
         <name>_system_post_cinit</name>
         <value>0x0</value>
      </symbol>
   </symbol_table>
   <title>Link successful</title>
</link_info>
